PS C:\git\transformer-c> make
"\033[33mΓÜÖ∩╕Å  Compiling main.c...\033[0m"
gcc -Iinclude -Wall -Wextra -O2 -fopenmp -std=c99 -march=native -c src/main.c -o obj/main.o
"\033[33m≡ƒöù Linking transformer_c.exe...\033[0m"
gcc -Iinclude -Wall -Wextra -O2 -fopenmp -std=c99 -march=native -o bin/transformer_c.exe obj/activation_functions.o obj/backpropagation.o obj/Data_Loading_Cleaning.o obj/Data_Preprocessing.o obj/feed_forward_layer.o obj/main.o obj/matrix_operations.o obj/self_attention_layer.o obj/simple_novel_main.o obj/Tokenizer.o obj/tokenizer_novel.o obj/transformer_block.o -lm -fopenmp
"\033[32mΓ£à Build complete: bin/transformer_c.exe\033[0m"
PS C:\git\transformer-c> ./bin/transformer_c.exe

ΓòöΓòÉΓòÉΓòÉΓòÉΓòÉΓòÉΓòÉΓòÉΓòÉΓòÉΓòÉΓòÉΓòÉΓòÉΓòÉΓòÉΓòÉΓòÉΓòÉΓòÉΓòÉΓòÉΓòÉΓòÉΓòÉΓòÉΓòÉΓòÉΓòÉΓòÉΓòÉΓòÉΓòÉΓòÉΓòÉΓòÉΓòÉΓòÉΓòÉΓòÉΓòÉΓòÉΓòÉΓòÉΓòÉΓòÉΓòÉΓòÉΓòÉΓòÉΓòÉΓòÉΓòÉΓòÉΓòÉΓòÉΓòÉΓòÉΓòÉΓòÉΓòÉΓòÉΓòÉΓòÉΓòÉΓòÉΓòù
Γòæ TRANSFORMER-C NEURAL NETWORK                                 Γòæ
ΓòÜΓòÉΓòÉΓòÉΓòÉΓòÉΓòÉΓòÉΓòÉΓòÉΓòÉΓòÉΓòÉΓòÉΓòÉΓòÉΓòÉΓòÉΓòÉΓòÉΓòÉΓòÉΓòÉΓòÉΓòÉΓòÉΓòÉΓòÉΓòÉΓòÉΓòÉΓòÉΓòÉΓòÉΓòÉΓòÉΓòÉΓòÉΓòÉΓòÉΓòÉΓòÉΓòÉΓòÉΓòÉΓòÉΓòÉΓòÉΓòÉΓòÉΓòÉΓòÉΓòÉΓòÉΓòÉΓòÉΓòÉΓòÉΓòÉΓòÉΓòÉΓòÉΓòÉΓòÉΓòÉΓòÉΓòÉΓò¥
  Γä╣∩╕Å  Starting training session at 12:59:53

ΓöîΓöÇΓöÇΓöÇΓöÇΓöÇΓöÇΓöÇΓöÇΓöÇΓöÇΓöÇΓöÇΓöÇΓöÇΓöÇΓöÇΓöÇΓöÇΓöÇΓöÇΓöÇΓöÇΓöÇΓöÇΓöÇΓöÇΓöÇΓöÇΓöÇΓöÇΓöÇΓöÇΓöÇΓöÇΓöÇΓöÇΓöÇΓöÇΓöÇΓöÇΓöÇΓöÇΓöÇΓöÇΓöÇΓöÇΓöÇΓöÇΓöÇΓöÇΓöÇΓöÇΓöÇΓöÇΓöÇΓöÇΓöÇΓöÇΓöÇΓöÇΓöÇΓöÇΓöÇΓöÇΓöÇΓöÇΓöÉ
Γöé 1. DATA LOADING & PREPROCESSING                              Γöé
ΓööΓöÇΓöÇΓöÇΓöÇΓöÇΓöÇΓöÇΓöÇΓöÇΓöÇΓöÇΓöÇΓöÇΓöÇΓöÇΓöÇΓöÇΓöÇΓöÇΓöÇΓöÇΓöÇΓöÇΓöÇΓöÇΓöÇΓöÇΓöÇΓöÇΓöÇΓöÇΓöÇΓöÇΓöÇΓöÇΓöÇΓöÇΓöÇΓöÇΓöÇΓöÇΓöÇΓöÇΓöÇΓöÇΓöÇΓöÇΓöÇΓöÇΓöÇΓöÇΓöÇΓöÇΓöÇΓöÇΓöÇΓöÇΓöÇΓöÇΓöÇΓöÇΓöÇΓöÇΓöÇΓöÇΓöÇΓöÿ
  Γä╣∩╕Å  Loading text data from 'text_data.txt'...
  Γ£à Loaded 1068 characters
  Γä╣∩╕Å  Text preview (first 100 chars):
  ΓöîΓöÇΓöÇΓöÇΓöÇΓöÇΓöÇΓöÇΓöÇΓöÇΓöÇΓöÇΓöÇΓöÇΓöÇΓöÇΓöÇΓöÇΓöÇΓöÇΓöÇΓöÇΓöÇΓöÇΓöÇΓöÇΓöÇΓöÇΓöÇΓöÇΓöÇΓöÇΓöÇΓöÇΓöÇΓöÇΓöÇΓöÇΓöÇΓöÇΓöÇΓöÇΓöÇΓöÇΓöÇΓöÇΓöÇΓöÇΓöÇΓöÇΓöÇΓöÇΓöÇΓöÇΓöÇΓöÇΓöÇΓöÇΓöÇΓöÇΓöÇΓöÇΓöÇΓöÇΓöÇΓöÇΓöÇΓöÉ
  Γöé Martin Luther King Jr. (born Michael King Jr.; Jan
  Γöé uary 15, 1929 ΓÇô April 4, 1968) was an American B
  ΓööΓöÇΓöÇΓöÇΓöÇΓöÇΓöÇΓöÇΓöÇΓöÇΓöÇΓöÇΓöÇΓöÇΓöÇΓöÇΓöÇΓöÇΓöÇΓöÇΓöÇΓöÇΓöÇΓöÇΓöÇΓöÇΓöÇΓöÇΓöÇΓöÇΓöÇΓöÇΓöÇΓöÇΓöÇΓöÇΓöÇΓöÇΓöÇΓöÇΓöÇΓöÇΓöÇΓöÇΓöÇΓöÇΓöÇΓöÇΓöÇΓöÇΓöÇΓöÇΓöÇΓöÇΓöÇΓöÇΓöÇΓöÇΓöÇΓöÇΓöÇΓöÇΓöÇΓöÇΓöÇΓöÇΓöÇΓöÿ
  Γä╣∩╕Å  Splitting text into sentences...
  Γ£à Extracted 10 sentences
  Γä╣∩╕Å  First 3 sentences:
  1. Martin Luther King Jr
  2.  (born Michael King Jr
  3. ; January 15, 1929 ΓÇô April 4, 1968) was an American Baptist minister and activist who became the most visible spokesman and leader in the American civil rights movement from 1955 until his assassination in 1968
  Γä╣∩╕Å  Cleaning text (lowercase, remove punctuation)...
  Γ£à Text cleaned

ΓöîΓöÇΓöÇΓöÇΓöÇΓöÇΓöÇΓöÇΓöÇΓöÇΓöÇΓöÇΓöÇΓöÇΓöÇΓöÇΓöÇΓöÇΓöÇΓöÇΓöÇΓöÇΓöÇΓöÇΓöÇΓöÇΓöÇΓöÇΓöÇΓöÇΓöÇΓöÇΓöÇΓöÇΓöÇΓöÇΓöÇΓöÇΓöÇΓöÇΓöÇΓöÇΓöÇΓöÇΓöÇΓöÇΓöÇΓöÇΓöÇΓöÇΓöÇΓöÇΓöÇΓöÇΓöÇΓöÇΓöÇΓöÇΓöÇΓöÇΓöÇΓöÇΓöÇΓöÇΓöÇΓöÇΓöÇΓöÉ
Γöé 2. TOKENIZATION & VOCABULARY                                 Γöé
ΓööΓöÇΓöÇΓöÇΓöÇΓöÇΓöÇΓöÇΓöÇΓöÇΓöÇΓöÇΓöÇΓöÇΓöÇΓöÇΓöÇΓöÇΓöÇΓöÇΓöÇΓöÇΓöÇΓöÇΓöÇΓöÇΓöÇΓöÇΓöÇΓöÇΓöÇΓöÇΓöÇΓöÇΓöÇΓöÇΓöÇΓöÇΓöÇΓöÇΓöÇΓöÇΓöÇΓöÇΓöÇΓöÇΓöÇΓöÇΓöÇΓöÇΓöÇΓöÇΓöÇΓöÇΓöÇΓöÇΓöÇΓöÇΓöÇΓöÇΓöÇΓöÇΓöÇΓöÇΓöÇΓöÇΓöÇΓöÿ
  Γä╣∩╕Å  Extracting unique words and creating vocabulary...
  Γ£à Vocabulary created
  Γä╣∩╕Å  Sample token mappings:
  ≡ƒÅ╖∩╕Å  martin          ΓåÆ ID: 1    ΓåÆ Embedding: [-41.9683,   3.4355]
  ≡ƒÅ╖∩╕Å  luther          ΓåÆ ID: 2    ΓåÆ Embedding: [-27.8878, -12.8481]
  ≡ƒÅ╖∩╕Å  king            ΓåÆ ID: 3    ΓåÆ Embedding: [  1.1997,   1.9926]
  ≡ƒÅ╖∩╕Å  civil           ΓåÆ ID: 28   ΓåÆ Embedding: [  3.0206,  10.3540]
  ≡ƒÅ╖∩╕Å  rights          ΓåÆ ID: 29   ΓåÆ Embedding: [ 15.5149,  15.1646]

ΓöîΓöÇΓöÇΓöÇΓöÇΓöÇΓöÇΓöÇΓöÇΓöÇΓöÇΓöÇΓöÇΓöÇΓöÇΓöÇΓöÇΓöÇΓöÇΓöÇΓöÇΓöÇΓöÇΓöÇΓöÇΓöÇΓöÇΓöÇΓöÇΓöÇΓöÇΓöÇΓöÇΓöÇΓöÇΓöÇΓöÇΓöÇΓöÇΓöÇΓöÇΓöÇΓöÇΓöÇΓöÇΓöÇΓöÇΓöÇΓöÇΓöÇΓöÇΓöÇΓöÇΓöÇΓöÇΓöÇΓöÇΓöÇΓöÇΓöÇΓöÇΓöÇΓöÇΓöÇΓöÇΓöÇΓöÇΓöÉ
Γöé 3. TRAINING DATA PREPARATION                                 Γöé
ΓööΓöÇΓöÇΓöÇΓöÇΓöÇΓöÇΓöÇΓöÇΓöÇΓöÇΓöÇΓöÇΓöÇΓöÇΓöÇΓöÇΓöÇΓöÇΓöÇΓöÇΓöÇΓöÇΓöÇΓöÇΓöÇΓöÇΓöÇΓöÇΓöÇΓöÇΓöÇΓöÇΓöÇΓöÇΓöÇΓöÇΓöÇΓöÇΓöÇΓöÇΓöÇΓöÇΓöÇΓöÇΓöÇΓöÇΓöÇΓöÇΓöÇΓöÇΓöÇΓöÇΓöÇΓöÇΓöÇΓöÇΓöÇΓöÇΓöÇΓöÇΓöÇΓöÇΓöÇΓöÇΓöÇΓöÇΓöÿ
  Γä╣∩╕Å  Preparing training data...
  Γ£à Prepared 10 training samples

  ≡ƒôï Training Samples Preview:
  ΓöîΓöÇΓöÇΓöÇΓöÇΓöÇΓö¼ΓöÇΓöÇΓöÇΓöÇΓöÇΓöÇΓöÇΓöÇΓöÇΓöÇΓöÇΓöÇΓöÇΓöÇΓöÇΓöÇΓöÇΓöÇΓöÇΓöÇΓöÇΓöÇΓöÇΓöÇΓöÇΓöÇΓöÇΓöÇΓöÇΓöÇΓöÇΓöÇΓöÇΓöÇΓöÇΓöÇΓöÇΓöÇΓöÇΓöÇΓöÇΓöÇΓöÇΓöÇΓöÇΓöÇΓöÇΓöÇΓöÇΓöÇΓöÇΓöÇΓöÇΓöÇΓöÉ
  Γöé   1 Γöé   1   2   3   4   0   0   0   0  Γöé
  Γöé   2 Γöé   5   6   3   4   0   0   0   0  Γöé
  Γöé   3 Γöé   7   8   9  10  11  12  13  14  Γöé
  Γöé   4 Γöé   3  36  28  29  37  38  18  28  Γöé
  Γöé   5 Γöé  49  13  22  50  46  51  28  29  Γöé
  ΓööΓöÇΓöÇΓöÇΓöÇΓöÇΓö┤ΓöÇΓöÇΓöÇΓöÇΓöÇΓöÇΓöÇΓöÇΓöÇΓöÇΓöÇΓöÇΓöÇΓöÇΓöÇΓöÇΓöÇΓöÇΓöÇΓöÇΓöÇΓöÇΓöÇΓöÇΓöÇΓöÇΓöÇΓöÇΓöÇΓöÇΓöÇΓöÇΓöÇΓöÇΓöÇΓöÇΓöÇΓöÇΓöÇΓöÇΓöÇΓöÇΓöÇΓöÇΓöÇΓöÇΓöÇΓöÇΓöÇΓöÇΓöÇΓöÇΓöÇΓöÇΓöÿ

ΓöîΓöÇΓöÇΓöÇΓöÇΓöÇΓöÇΓöÇΓöÇΓöÇΓöÇΓöÇΓöÇΓöÇΓöÇΓöÇΓöÇΓöÇΓöÇΓöÇΓöÇΓöÇΓöÇΓöÇΓöÇΓöÇΓöÇΓöÇΓöÇΓöÇΓöÇΓöÇΓöÇΓöÇΓöÇΓöÇΓöÇΓöÇΓöÇΓöÇΓöÇΓöÇΓöÇΓöÇΓöÇΓöÇΓöÇΓöÇΓöÇΓöÇΓöÇΓöÇΓöÇΓöÇΓöÇΓöÇΓöÇΓöÇΓöÇΓöÇΓöÇΓöÇΓöÇΓöÇΓöÇΓöÇΓöÇΓöÉ
Γöé 4. MODEL INITIALIZATION                                      Γöé
ΓööΓöÇΓöÇΓöÇΓöÇΓöÇΓöÇΓöÇΓöÇΓöÇΓöÇΓöÇΓöÇΓöÇΓöÇΓöÇΓöÇΓöÇΓöÇΓöÇΓöÇΓöÇΓöÇΓöÇΓöÇΓöÇΓöÇΓöÇΓöÇΓöÇΓöÇΓöÇΓöÇΓöÇΓöÇΓöÇΓöÇΓöÇΓöÇΓöÇΓöÇΓöÇΓöÇΓöÇΓöÇΓöÇΓöÇΓöÇΓöÇΓöÇΓöÇΓöÇΓöÇΓöÇΓöÇΓöÇΓöÇΓöÇΓöÇΓöÇΓöÇΓöÇΓöÇΓöÇΓöÇΓöÇΓöÇΓöÿ
  Γä╣∩╕Å  Creating/checking weight files...

ΓöîΓöÇΓöÇΓöÇΓöÇΓöÇΓöÇΓöÇΓöÇΓöÇΓöÇΓöÇΓöÇΓöÇΓöÇΓöÇΓöÇΓöÇΓöÇΓöÇΓöÇΓöÇΓöÇΓöÇΓöÇΓöÇΓöÇΓöÇΓöÇΓöÇΓöÇΓöÇΓöÇΓöÇΓöÇΓöÇΓöÇΓöÇΓöÇΓöÇΓöÇΓöÇΓöÇΓöÇΓöÇΓöÇΓöÇΓöÇΓöÇΓöÇΓöÇΓöÇΓöÇΓöÇΓöÇΓöÇΓöÇΓöÇΓöÇΓöÇΓöÇΓöÇΓöÇΓöÇΓöÇΓöÇΓöÇΓöÉ
Γöé WEIGHT INITIALIZATION                                        Γöé
ΓööΓöÇΓöÇΓöÇΓöÇΓöÇΓöÇΓöÇΓöÇΓöÇΓöÇΓöÇΓöÇΓöÇΓöÇΓöÇΓöÇΓöÇΓöÇΓöÇΓöÇΓöÇΓöÇΓöÇΓöÇΓöÇΓöÇΓöÇΓöÇΓöÇΓöÇΓöÇΓöÇΓöÇΓöÇΓöÇΓöÇΓöÇΓöÇΓöÇΓöÇΓöÇΓöÇΓöÇΓöÇΓöÇΓöÇΓöÇΓöÇΓöÇΓöÇΓöÇΓöÇΓöÇΓöÇΓöÇΓöÇΓöÇΓöÇΓöÇΓöÇΓöÇΓöÇΓöÇΓöÇΓöÇΓöÇΓöÿ
  Γ£à Created weight directories
  Γä╣∩╕Å  Creating self-attention weights...
  Γ£à Self-attention weights ready
  Γä╣∩╕Å  Creating semi-final layer weights...
  Semi-final weights [ΓûêΓûêΓûêΓûêΓûêΓûêΓûêΓûî                                          ] 5000/33280 (15.0%)
  Semi-final weights [ΓûêΓûêΓûêΓûêΓûêΓûêΓûêΓûêΓûêΓûêΓûêΓûêΓûêΓûêΓûêΓûî                                  ] 10000/33280 (30.0%)
  Semi-final weights [ΓûêΓûêΓûêΓûêΓûêΓûêΓûêΓûêΓûêΓûêΓûêΓûêΓûêΓûêΓûêΓûêΓûêΓûêΓûêΓûêΓûêΓûêΓûî                           ] 15000/33280 (45.1%)
  Semi-final weights [ΓûêΓûêΓûêΓûêΓûêΓûêΓûêΓûêΓûêΓûêΓûêΓûêΓûêΓûêΓûêΓûêΓûêΓûêΓûêΓûêΓûêΓûêΓûêΓûêΓûêΓûêΓûêΓûêΓûêΓûêΓûî                   ] 20000/33280 (60.1%)
  Semi-final weights [ΓûêΓûêΓûêΓûêΓûêΓûêΓûêΓûêΓûêΓûêΓûêΓûêΓûêΓûêΓûêΓûêΓûêΓûêΓûêΓûêΓûêΓûêΓûêΓûêΓûêΓûêΓûêΓûêΓûêΓûêΓûêΓûêΓûêΓûêΓûêΓûêΓûêΓûî            ] 25000/33280 (75.1%)
  Semi-final weights [ΓûêΓûêΓûêΓûêΓûêΓûêΓûêΓûêΓûêΓûêΓûêΓûêΓûêΓûêΓûêΓûêΓûêΓûêΓûêΓûêΓûêΓûêΓûêΓûêΓûêΓûêΓûêΓûêΓûêΓûêΓûêΓûêΓûêΓûêΓûêΓûêΓûêΓûêΓûêΓûêΓûêΓûêΓûêΓûêΓûêΓûî    ] 30000/33280 (90.1%)
  Γ£à Semi-final layer weights ready (33280 weights)
  Γä╣∩╕Å  Creating final layer weights...
  Final layer weights [ΓûêΓûêΓûêΓûî                                              ] 10/130 (7.7%)
  Final layer weights [ΓûêΓûêΓûêΓûêΓûêΓûêΓûêΓûî                                          ] 20/130 (15.4%)
  Final layer weights [ΓûêΓûêΓûêΓûêΓûêΓûêΓûêΓûêΓûêΓûêΓûêΓûî                                      ] 30/130 (23.1%)
  Final layer weights [ΓûêΓûêΓûêΓûêΓûêΓûêΓûêΓûêΓûêΓûêΓûêΓûêΓûêΓûêΓûêΓûî                                  ] 40/130 (30.8%)
  Final layer weights [ΓûêΓûêΓûêΓûêΓûêΓûêΓûêΓûêΓûêΓûêΓûêΓûêΓûêΓûêΓûêΓûêΓûêΓûêΓûêΓûî                              ] 50/130 (38.5%)
  Final layer weights [ΓûêΓûêΓûêΓûêΓûêΓûêΓûêΓûêΓûêΓûêΓûêΓûêΓûêΓûêΓûêΓûêΓûêΓûêΓûêΓûêΓûêΓûêΓûêΓûî                          ] 60/130 (46.2%)
  Final layer weights [ΓûêΓûêΓûêΓûêΓûêΓûêΓûêΓûêΓûêΓûêΓûêΓûêΓûêΓûêΓûêΓûêΓûêΓûêΓûêΓûêΓûêΓûêΓûêΓûêΓûêΓûêΓûî                       ] 70/130 (53.8%)
  Final layer weights [ΓûêΓûêΓûêΓûêΓûêΓûêΓûêΓûêΓûêΓûêΓûêΓûêΓûêΓûêΓûêΓûêΓûêΓûêΓûêΓûêΓûêΓûêΓûêΓûêΓûêΓûêΓûêΓûêΓûêΓûêΓûî                   ] 80/130 (61.5%)
  Final layer weights [ΓûêΓûêΓûêΓûêΓûêΓûêΓûêΓûêΓûêΓûêΓûêΓûêΓûêΓûêΓûêΓûêΓûêΓûêΓûêΓûêΓûêΓûêΓûêΓûêΓûêΓûêΓûêΓûêΓûêΓûêΓûêΓûêΓûêΓûêΓûî               ] 90/130 (69.2%)
  Final layer weights [ΓûêΓûêΓûêΓûêΓûêΓûêΓûêΓûêΓûêΓûêΓûêΓûêΓûêΓûêΓûêΓûêΓûêΓûêΓûêΓûêΓûêΓûêΓûêΓûêΓûêΓûêΓûêΓûêΓûêΓûêΓûêΓûêΓûêΓûêΓûêΓûêΓûêΓûêΓûî           ] 100/130 (76.9%)
  Final layer weights [ΓûêΓûêΓûêΓûêΓûêΓûêΓûêΓûêΓûêΓûêΓûêΓûêΓûêΓûêΓûêΓûêΓûêΓûêΓûêΓûêΓûêΓûêΓûêΓûêΓûêΓûêΓûêΓûêΓûêΓûêΓûêΓûêΓûêΓûêΓûêΓûêΓûêΓûêΓûêΓûêΓûêΓûêΓûî       ] 110/130 (84.6%)
  Final layer weights [ΓûêΓûêΓûêΓûêΓûêΓûêΓûêΓûêΓûêΓûêΓûêΓûêΓûêΓûêΓûêΓûêΓûêΓûêΓûêΓûêΓûêΓûêΓûêΓûêΓûêΓûêΓûêΓûêΓûêΓûêΓûêΓûêΓûêΓûêΓûêΓûêΓûêΓûêΓûêΓûêΓûêΓûêΓûêΓûêΓûêΓûêΓûî   ] 120/130 (92.3%)
  Final layer weights [ΓûêΓûêΓûêΓûêΓûêΓûêΓûêΓûêΓûêΓûêΓûêΓûêΓûêΓûêΓûêΓûêΓûêΓûêΓûêΓûêΓûêΓûêΓûêΓûêΓûêΓûêΓûêΓûêΓûêΓûêΓûêΓûêΓûêΓûêΓûêΓûêΓûêΓûêΓûêΓûêΓûêΓûêΓûêΓûêΓûêΓûêΓûêΓûêΓûêΓûê] 130/130 (100.0%)
  Γ£à Final layer weights ready (130 weights)
  Γä╣∩╕Å  Loading self-attention matrices...
Initialized KEY MATRIX
Initialized QUERY MATRIX
Initialized VALUE MATRIX
  Γ£à Self-attention matrices loaded
  Γä╣∩╕Å  Attention matrices:
  K Matrix: [ -0.6420,   0.3540]
           [ -0.8730,   0.7190]
  Q Matrix: [  0.4570,  -0.2980]
           [  0.8320,  -0.5640]
  V Matrix: [ -0.9320,   0.1170]
           [ -0.4510,   0.6830]
  Γä╣∩╕Å  Loading multi-layer perceptron weights...
  Γ£à MLP weights loaded

ΓöîΓöÇΓöÇΓöÇΓöÇΓöÇΓöÇΓöÇΓöÇΓöÇΓöÇΓöÇΓöÇΓöÇΓöÇΓöÇΓöÇΓöÇΓöÇΓöÇΓöÇΓöÇΓöÇΓöÇΓöÇΓöÇΓöÇΓöÇΓöÇΓöÇΓöÇΓöÇΓöÇΓöÇΓöÇΓöÇΓöÇΓöÇΓöÇΓöÇΓöÇΓöÇΓöÇΓöÇΓöÇΓöÇΓöÇΓöÇΓöÇΓöÇΓöÇΓöÇΓöÇΓöÇΓöÇΓöÇΓöÇΓöÇΓöÇΓöÇΓöÇΓöÇΓöÇΓöÇΓöÇΓöÇΓöÇΓöÉ
Γöé 5. TRAINING LOOP                                             Γöé
ΓööΓöÇΓöÇΓöÇΓöÇΓöÇΓöÇΓöÇΓöÇΓöÇΓöÇΓöÇΓöÇΓöÇΓöÇΓöÇΓöÇΓöÇΓöÇΓöÇΓöÇΓöÇΓöÇΓöÇΓöÇΓöÇΓöÇΓöÇΓöÇΓöÇΓöÇΓöÇΓöÇΓöÇΓöÇΓöÇΓöÇΓöÇΓöÇΓöÇΓöÇΓöÇΓöÇΓöÇΓöÇΓöÇΓöÇΓöÇΓöÇΓöÇΓöÇΓöÇΓöÇΓöÇΓöÇΓöÇΓöÇΓöÇΓöÇΓöÇΓöÇΓöÇΓöÇΓöÇΓöÇΓöÇΓöÇΓöÿ

  ≡ƒÄ» Training Configuration:
    Epochs: 5
    Samples: 10
    Learning Rate: 0.0100
    Batch Size: 1 (online learning)

  ΓÜÖ∩╕Å  Starting training...
  ΓöîΓöÇΓöÇΓöÇΓöÇΓöÇΓöÇΓöÇΓöÇΓöÇΓöÇΓöÇΓöÇΓöÇΓöÇΓöÇΓöÇΓöÇΓöÇΓöÇΓöÇΓöÇΓöÇΓöÇΓöÇΓöÇΓöÇΓöÇΓöÇΓöÇΓöÇΓöÇΓöÇΓöÇΓöÇΓöÇΓöÇΓöÇΓöÇΓöÇΓöÇΓöÇΓöÇΓöÇΓöÇΓöÇΓöÇΓöÇΓöÇΓöÇΓöÇΓöÇΓöÇΓöÇΓöÇΓöÇΓöÇΓöÇΓöÇΓöÇΓöÇΓöÇΓöÇΓöÇΓöÇΓöÇΓöÇΓöÉ
  Γöé Epoch   1/5 Updated weights for final layer:
final_layer_weights[0] = 0.215704
final_layer_weights[1] = 0.520078
final_layer_weights[2] = 0.070798
final_layer_weights[3] = -0.280802
final_layer_weights[4] = 0.604376
final_layer_weights[5] = 0.806042
final_layer_weights[6] = 0.230595
final_layer_weights[7] = 0.801919
final_layer_weights[8] = 0.485324
final_layer_weights[9] = 0.968325
.
.
.
final_layer_weights[1022] = -0.008398
final_layer_weights[1023] = -0.015366
Updated weights for semi-final layer:
semi_final_layer_weights[0] = 0.013912
semi_final_layer_weights[1] = 0.014902
semi_final_layer_weights[2] = 0.011280
semi_final_layer_weights[3] = -0.005980
semi_final_layer_weights[4] = -0.003957
semi_final_layer_weights[5] = -0.011762
semi_final_layer_weights[6] = 0.006234
semi_final_layer_weights[7] = -0.014612
semi_final_layer_weights[8] = 0.002504
semi_final_layer_weights[9] = 0.000206
.
.
.
semi_final_layer_weights[510] = -0.006294
semi_final_layer_weights[511] = -0.011516
Updating K Matrix:
k_matrix[0][0] = 0.358000
k_matrix[0][1] = -0.646000
k_matrix[1][0] = 0.127000
k_matrix[1][1] = -0.281000

Updating Q Matrix:
q_matrix[0][0] = -0.543000
q_matrix[0][1] = 0.702000
q_matrix[1][0] = -0.168000
q_matrix[1][1] = 0.436000

Updating V Matrix:
v_matrix[0][0] = 0.068000
v_matrix[0][1] = -0.349976
v_matrix[1][0] = 0.549000
v_matrix[1][1] = -0.317000

Updated weights for final layer:
final_layer_weights[0] = 0.160177
final_layer_weights[1] = 0.460600
final_layer_weights[2] = 0.025777
final_layer_weights[3] = -0.256936
final_layer_weights[4] = 0.620171
final_layer_weights[5] = 0.852985
final_layer_weights[6] = 0.205714
final_layer_weights[7] = 0.860239
final_layer_weights[8] = 0.475331
final_layer_weights[9] = 0.967502
.
.
.
final_layer_weights[1022] = 0.025119
final_layer_weights[1023] = 0.045964
Updated weights for semi-final layer:
semi_final_layer_weights[0] = -0.041615
semi_final_layer_weights[1] = -0.044576
semi_final_layer_weights[2] = -0.033741
semi_final_layer_weights[3] = 0.017886
semi_final_layer_weights[4] = 0.011838
semi_final_layer_weights[5] = 0.035181
semi_final_layer_weights[6] = -0.018647
semi_final_layer_weights[7] = 0.043708
semi_final_layer_weights[8] = -0.007489
semi_final_layer_weights[9] = -0.000617
.
.
.
semi_final_layer_weights[510] = 0.018826
semi_final_layer_weights[511] = 0.034448
Updating K Matrix:
k_matrix[0][0] = -0.642000
k_matrix[0][1] = 0.354000
k_matrix[1][0] = -0.379885
k_matrix[1][1] = 0.719000

Updating Q Matrix:
q_matrix[0][0] = 0.457000
q_matrix[0][1] = -0.298000
q_matrix[1][0] = 0.502525
q_matrix[1][1] = -0.564000

Updating V Matrix:
v_matrix[0][0] = -0.203403
v_matrix[0][1] = 0.650024
v_matrix[1][0] = -0.451000
v_matrix[1][1] = 0.683000

Updated weights for final layer:
final_layer_weights[0] = 0.608853
final_layer_weights[1] = 0.941206
final_layer_weights[2] = 0.389560
final_layer_weights[3] = -0.449777
final_layer_weights[4] = 0.492542
final_layer_weights[5] = 0.473671
final_layer_weights[6] = 0.406755
final_layer_weights[7] = 0.388990
final_layer_weights[8] = 0.556075
final_layer_weights[9] = 0.974158
.
.
.
final_layer_weights[1022] = -0.202970
final_layer_weights[1023] = -0.371404
Updated weights for semi-final layer:
semi_final_layer_weights[0] = 0.407061
semi_final_layer_weights[1] = 0.436030
semi_final_layer_weights[2] = 0.330042
semi_final_layer_weights[3] = -0.174955
semi_final_layer_weights[4] = -0.115791
semi_final_layer_weights[5] = -0.344133
semi_final_layer_weights[6] = 0.182394
semi_final_layer_weights[7] = -0.427541
semi_final_layer_weights[8] = 0.073255
semi_final_layer_weights[9] = 0.006039
.
.
.
semi_final_layer_weights[510] = -0.184145
semi_final_layer_weights[511] = -0.336957
Updating K Matrix:
k_matrix[0][0] = 0.358000
k_matrix[0][1] = -0.646000
k_matrix[1][0] = 0.620115
k_matrix[1][1] = -0.281000

Updating Q Matrix:
q_matrix[0][0] = -0.543000
q_matrix[0][1] = 0.702000
q_matrix[1][0] = -0.497475
q_matrix[1][1] = 0.436000

Updating V Matrix:
v_matrix[0][0] = 0.796597
v_matrix[0][1] = -0.349976
v_matrix[1][0] = 0.549000
v_matrix[1][1] = -0.317000

Updated weights for final layer:
final_layer_weights[0] = -0.391147
final_layer_weights[1] = -0.058794
final_layer_weights[2] = -0.610440
final_layer_weights[3] = 0.158081
final_layer_weights[4] = 0.894842
final_layer_weights[5] = 1.473671
final_layer_weights[6] = -0.226949
final_layer_weights[7] = 1.388990
final_layer_weights[8] = 0.301560
final_layer_weights[9] = 0.953176
.
.
.
final_layer_weights[1022] = 0.639786
final_layer_weights[1023] = 1.000000
Updated weights for semi-final layer:
semi_final_layer_weights[0] = -0.592939
semi_final_layer_weights[1] = -0.563970
semi_final_layer_weights[2] = -0.669958
semi_final_layer_weights[3] = 0.432903
semi_final_layer_weights[4] = 0.286509
semi_final_layer_weights[5] = 0.655867
semi_final_layer_weights[6] = -0.451310
semi_final_layer_weights[7] = 0.572459
semi_final_layer_weights[8] = -0.181260
semi_final_layer_weights[9] = -0.014943
.
.
.
semi_final_layer_weights[510] = 0.455642
semi_final_layer_weights[511] = 0.663043
Updating K Matrix:
k_matrix[0][0] = -0.642000
k_matrix[0][1] = 0.354000
k_matrix[1][0] = -0.379885
k_matrix[1][1] = 0.695298

Updating Q Matrix:
q_matrix[0][0] = 0.457000
q_matrix[0][1] = -0.298000
q_matrix[1][0] = 0.502525
q_matrix[1][1] = -0.564000

Updating V Matrix:
v_matrix[0][0] = -0.203403
v_matrix[0][1] = 0.650024
v_matrix[1][0] = -0.451000
v_matrix[1][1] = 0.683000

Updated weights for final layer:
final_layer_weights[0] = 0.608853
final_layer_weights[1] = 0.941206
final_layer_weights[2] = 0.389560
final_layer_weights[3] = -0.841919
final_layer_weights[4] = -0.105158
final_layer_weights[5] = 0.473671
final_layer_weights[6] = 0.773051
final_layer_weights[7] = 0.388990
final_layer_weights[8] = 1.301560
final_layer_weights[9] = 1.048989
.
.
.
final_layer_weights[1022] = -1.000000
final_layer_weights[1023] = -1.000000
Updated weights for semi-final layer:
semi_final_layer_weights[0] = 0.407061
semi_final_layer_weights[1] = 0.436030
semi_final_layer_weights[2] = 0.330042
semi_final_layer_weights[3] = -0.567097
semi_final_layer_weights[4] = -0.713491
semi_final_layer_weights[5] = -0.344133
semi_final_layer_weights[6] = 0.548690
semi_final_layer_weights[7] = -0.427541
semi_final_layer_weights[8] = 0.818740
semi_final_layer_weights[9] = 0.080870
.
.
.
semi_final_layer_weights[510] = -0.544358
semi_final_layer_weights[511] = -0.336957
Updating K Matrix:
k_matrix[0][0] = 0.358000
k_matrix[0][1] = -0.646000
k_matrix[1][0] = 0.620115
k_matrix[1][1] = -0.304702

Updating Q Matrix:
q_matrix[0][0] = -0.543000
q_matrix[0][1] = 0.702000
q_matrix[1][0] = -0.497475
q_matrix[1][1] = 0.436000

Updating V Matrix:
v_matrix[0][0] = 0.796597
v_matrix[0][1] = -0.349976
v_matrix[1][0] = 0.549000
v_matrix[1][1] = -0.317000

Updated weights for final layer:
final_layer_weights[0] = -0.374502
final_layer_weights[1] = -0.058794
final_layer_weights[2] = -0.407738
final_layer_weights[3] = 0.158081
final_layer_weights[4] = 0.894842
final_layer_weights[5] = 1.305009
final_layer_weights[6] = -0.226949
final_layer_weights[7] = 1.388990
final_layer_weights[8] = 0.301560
final_layer_weights[9] = 0.853628
.
.
.
final_layer_weights[1022] = 1.000000
final_layer_weights[1023] = 0.814001
Updated weights for semi-final layer:
semi_final_layer_weights[0] = -0.576294
semi_final_layer_weights[1] = -0.563970
semi_final_layer_weights[2] = -0.467256
semi_final_layer_weights[3] = 0.432903
semi_final_layer_weights[4] = 0.286509
semi_final_layer_weights[5] = 0.487205
semi_final_layer_weights[6] = -0.451310
semi_final_layer_weights[7] = 0.572459
semi_final_layer_weights[8] = -0.181260
semi_final_layer_weights[9] = -0.114491
.
.
.
semi_final_layer_weights[510] = 0.455642
semi_final_layer_weights[511] = 0.477044
Updating K Matrix:
k_matrix[0][0] = -0.506836
k_matrix[0][1] = 0.354000
k_matrix[1][0] = -0.379885
k_matrix[1][1] = 0.431380

Updating Q Matrix:
q_matrix[0][0] = 0.457000
q_matrix[0][1] = -0.298000
q_matrix[1][0] = 0.502525
q_matrix[1][1] = -0.564000

Updating V Matrix:
v_matrix[0][0] = -0.203403
v_matrix[0][1] = 0.495476
v_matrix[1][0] = -0.451000
v_matrix[1][1] = 0.448791

Updated weights for final layer:
final_layer_weights[0] = 0.625498
final_layer_weights[1] = 0.941206
final_layer_weights[2] = 0.592262
final_layer_weights[3] = -0.841919
final_layer_weights[4] = -0.105158
final_layer_weights[5] = 0.305009
final_layer_weights[6] = 0.773051
final_layer_weights[7] = 0.388990
final_layer_weights[8] = 0.990796
final_layer_weights[9] = 1.288977
.
.
.
final_layer_weights[1022] = -1.000000
final_layer_weights[1023] = -1.000000
Updated weights for semi-final layer:
semi_final_layer_weights[0] = 0.423706
semi_final_layer_weights[1] = 0.436030
semi_final_layer_weights[2] = 0.532744
semi_final_layer_weights[3] = -0.567097
semi_final_layer_weights[4] = -0.713491
semi_final_layer_weights[5] = -0.512795
semi_final_layer_weights[6] = 0.548690
semi_final_layer_weights[7] = -0.427541
semi_final_layer_weights[8] = 0.507976
semi_final_layer_weights[9] = 0.320858
.
.
.
semi_final_layer_weights[510] = -0.544358
semi_final_layer_weights[511] = -0.522956
Updating K Matrix:
k_matrix[0][0] = 0.493164
k_matrix[0][1] = -0.646000
k_matrix[1][0] = 0.620115
k_matrix[1][1] = -0.568620

Updating Q Matrix:
q_matrix[0][0] = -0.543000
q_matrix[0][1] = 0.702000
q_matrix[1][0] = -0.497475
q_matrix[1][1] = 0.436000

Updating V Matrix:
v_matrix[0][0] = 0.570029
v_matrix[0][1] = -0.504524
v_matrix[1][0] = 0.549000
v_matrix[1][1] = -0.551209

Updated weights for final layer:
final_layer_weights[0] = -0.374502
final_layer_weights[1] = -0.058794
final_layer_weights[2] = -0.407738
final_layer_weights[3] = 0.158081
final_layer_weights[4] = 0.894842
final_layer_weights[5] = 1.305009
final_layer_weights[6] = -0.226949
final_layer_weights[7] = 1.388990
final_layer_weights[8] = -0.009204
final_layer_weights[9] = 0.288977
.
.
.
final_layer_weights[1022] = 1.000000
final_layer_weights[1023] = 1.000000
Updated weights for semi-final layer:
semi_final_layer_weights[0] = -0.576294
semi_final_layer_weights[1] = -0.563970
semi_final_layer_weights[2] = -0.467256
semi_final_layer_weights[3] = 0.432903
semi_final_layer_weights[4] = 0.286509
semi_final_layer_weights[5] = 0.487205
semi_final_layer_weights[6] = -0.451310
semi_final_layer_weights[7] = 0.572459
semi_final_layer_weights[8] = -0.492024
semi_final_layer_weights[9] = -0.679142
.
.
.
semi_final_layer_weights[510] = 0.455642
semi_final_layer_weights[511] = 0.477044
Updating K Matrix:
k_matrix[0][0] = -0.506836
k_matrix[0][1] = 0.354000
k_matrix[1][0] = -0.379885
k_matrix[1][1] = 0.431380

Updating Q Matrix:
q_matrix[0][0] = 0.457000
q_matrix[0][1] = -0.298000
q_matrix[1][0] = 0.502525
q_matrix[1][1] = -0.564000

Updating V Matrix:
v_matrix[0][0] = -0.429971
v_matrix[0][1] = 0.495476
v_matrix[1][0] = -0.451000
v_matrix[1][1] = 0.448791

Updated weights for final layer:
final_layer_weights[0] = 0.625498
final_layer_weights[1] = 0.941206
final_layer_weights[2] = 0.592262
final_layer_weights[3] = -0.841919
final_layer_weights[4] = -0.105158
final_layer_weights[5] = 0.305009
final_layer_weights[6] = 0.773051
final_layer_weights[7] = 0.388990
final_layer_weights[8] = 0.990796
final_layer_weights[9] = 1.288977
.
.
.
final_layer_weights[1022] = -1.000000
final_layer_weights[1023] = -1.000000
Updated weights for semi-final layer:
semi_final_layer_weights[0] = 0.423706
semi_final_layer_weights[1] = 0.436030
semi_final_layer_weights[2] = 0.532744
semi_final_layer_weights[3] = -0.567097
semi_final_layer_weights[4] = -0.713491
semi_final_layer_weights[5] = -0.512795
semi_final_layer_weights[6] = 0.548690
semi_final_layer_weights[7] = -0.427541
semi_final_layer_weights[8] = 0.507976
semi_final_layer_weights[9] = 0.320858
.
.
.
semi_final_layer_weights[510] = -0.544358
semi_final_layer_weights[511] = -0.522956
Updating K Matrix:
k_matrix[0][0] = 0.493164
k_matrix[0][1] = -0.646000
k_matrix[1][0] = 0.620115
k_matrix[1][1] = -0.568620

Updating Q Matrix:
q_matrix[0][0] = -0.543000
q_matrix[0][1] = 0.702000
q_matrix[1][0] = -0.497475
q_matrix[1][1] = 0.436000

Updating V Matrix:
v_matrix[0][0] = 0.570029
v_matrix[0][1] = -0.504524
v_matrix[1][0] = 0.549000
v_matrix[1][1] = -0.551209

All values in the matrix are the same. Scaling is not possible.
Updated weights for final layer:
final_layer_weights[0] = 0.498136
final_layer_weights[1] = 0.810140
final_layer_weights[2] = 0.432125
final_layer_weights[3] = -0.671455
final_layer_weights[4] = 0.109310
final_layer_weights[5] = 0.459150
final_layer_weights[6] = 0.608120
final_layer_weights[7] = 0.517505
final_layer_weights[8] = 0.838103
final_layer_weights[9] = 1.192530
.
.
.
final_layer_weights[1022] = 0.163629
final_layer_weights[1023] = 0.157195
Updated weights for semi-final layer:
semi_final_layer_weights[0] = 0.296344
semi_final_layer_weights[1] = 0.304964
semi_final_layer_weights[2] = 0.372607
semi_final_layer_weights[3] = -0.396633
semi_final_layer_weights[4] = -0.499023
semi_final_layer_weights[5] = -0.358654
semi_final_layer_weights[6] = 0.383759
semi_final_layer_weights[7] = -0.299026
semi_final_layer_weights[8] = 0.355283
semi_final_layer_weights[9] = 0.224411
.
.
.
semi_final_layer_weights[510] = -0.380730
semi_final_layer_weights[511] = -0.365760
Updating K Matrix:
k_matrix[0][0] = 0.344924
k_matrix[0][1] = -0.451819
k_matrix[1][0] = 0.433715
k_matrix[1][1] = -0.397698

Updating Q Matrix:
q_matrix[0][0] = -0.379780
q_matrix[0][1] = 0.490986
q_matrix[1][0] = -0.347939
q_matrix[1][1] = 0.304943

Updating V Matrix:
v_matrix[0][0] = 0.398684
v_matrix[0][1] = -0.352869
v_matrix[1][0] = 0.383976
v_matrix[1][1] = -0.385521

   Loss: 524.451559 (Γ£¿ BEST) Γöé
  Γöé  Γöé Epoch   2/5 Updated weights for final layer:
final_layer_weights[0] = -0.501864
final_layer_weights[1] = -0.189860
final_layer_weights[2] = -0.567875
final_layer_weights[3] = 0.328545
final_layer_weights[4] = 1.109310
final_layer_weights[5] = 1.459150
final_layer_weights[6] = -0.391880
final_layer_weights[7] = 1.517505
final_layer_weights[8] = -0.161897
final_layer_weights[9] = 0.294524
.
.
.
final_layer_weights[1022] = 1.000000
final_layer_weights[1023] = 1.000000
Updated weights for semi-final layer:
semi_final_layer_weights[0] = -0.703656
semi_final_layer_weights[1] = -0.695036
semi_final_layer_weights[2] = -0.627393
semi_final_layer_weights[3] = 0.603367
semi_final_layer_weights[4] = 0.500977
semi_final_layer_weights[5] = 0.641346
semi_final_layer_weights[6] = -0.616241
semi_final_layer_weights[7] = 0.700974
semi_final_layer_weights[8] = -0.644717
semi_final_layer_weights[9] = -0.673595
.
.
.
semi_final_layer_weights[510] = 0.619270
semi_final_layer_weights[511] = 0.634240
Updating K Matrix:
k_matrix[0][0] = -0.655076
k_matrix[0][1] = 0.548181
k_matrix[1][0] = -0.566285
k_matrix[1][1] = 0.602302

Updating Q Matrix:
q_matrix[0][0] = 0.620220
q_matrix[0][1] = -0.509014
q_matrix[1][0] = 0.652061
q_matrix[1][1] = -0.695057

Updating V Matrix:
v_matrix[0][0] = -0.601316
v_matrix[0][1] = 0.647131
v_matrix[1][0] = -0.616024
v_matrix[1][1] = 0.614479

Updated weights for final layer:
final_layer_weights[0] = 0.498136
final_layer_weights[1] = 0.810140
final_layer_weights[2] = 0.432125
final_layer_weights[3] = -0.671455
final_layer_weights[4] = 0.109310
final_layer_weights[5] = 0.459150
final_layer_weights[6] = 0.608120
final_layer_weights[7] = 0.517505
final_layer_weights[8] = 0.838103
final_layer_weights[9] = 1.294524
.
.
.
final_layer_weights[1022] = -1.000000
final_layer_weights[1023] = -1.000000
Updated weights for semi-final layer:
semi_final_layer_weights[0] = 0.296344
semi_final_layer_weights[1] = 0.304964
semi_final_layer_weights[2] = 0.372607
semi_final_layer_weights[3] = -0.396633
semi_final_layer_weights[4] = -0.499023
semi_final_layer_weights[5] = -0.358654
semi_final_layer_weights[6] = 0.383759
semi_final_layer_weights[7] = -0.299026
semi_final_layer_weights[8] = 0.355283
semi_final_layer_weights[9] = 0.326405
.
.
.
semi_final_layer_weights[510] = -0.380730
semi_final_layer_weights[511] = -0.365760
Updating K Matrix:
k_matrix[0][0] = 0.344924
k_matrix[0][1] = -0.451819
k_matrix[1][0] = 0.433715
k_matrix[1][1] = -0.397698

Updating Q Matrix:
q_matrix[0][0] = -0.379780
q_matrix[0][1] = 0.490986
q_matrix[1][0] = -0.347939
q_matrix[1][1] = 0.304943

Updating V Matrix:
v_matrix[0][0] = 0.398684
v_matrix[0][1] = -0.352869
v_matrix[1][0] = 0.383976
v_matrix[1][1] = -0.385521

Updated weights for final layer:
final_layer_weights[0] = -0.501864
final_layer_weights[1] = -0.189860
final_layer_weights[2] = -0.567875
final_layer_weights[3] = 0.328545
final_layer_weights[4] = 1.109310
final_layer_weights[5] = 1.459150
final_layer_weights[6] = -0.391880
final_layer_weights[7] = 1.517505
final_layer_weights[8] = -0.161897
final_layer_weights[9] = 0.294524
.
.
.
final_layer_weights[1022] = 1.000000
final_layer_weights[1023] = 1.000000
Updated weights for semi-final layer:
semi_final_layer_weights[0] = -0.703656
semi_final_layer_weights[1] = -0.695036
semi_final_layer_weights[2] = -0.627393
semi_final_layer_weights[3] = 0.603367
semi_final_layer_weights[4] = 0.500977
semi_final_layer_weights[5] = 0.641346
semi_final_layer_weights[6] = -0.616241
semi_final_layer_weights[7] = 0.700974
semi_final_layer_weights[8] = -0.644717
semi_final_layer_weights[9] = -0.673595
.
.
.
semi_final_layer_weights[510] = 0.619270
semi_final_layer_weights[511] = 0.634240
Updating K Matrix:
k_matrix[0][0] = -0.655076
k_matrix[0][1] = 0.548181
k_matrix[1][0] = -0.566285
k_matrix[1][1] = 0.602302

Updating Q Matrix:
q_matrix[0][0] = 0.620220
q_matrix[0][1] = -0.509014
q_matrix[1][0] = 0.652061
q_matrix[1][1] = -0.695057

Updating V Matrix:
v_matrix[0][0] = -0.601316
v_matrix[0][1] = 0.647131
v_matrix[1][0] = -0.616024
v_matrix[1][1] = 0.614479

Updated weights for final layer:
final_layer_weights[0] = 0.498136
final_layer_weights[1] = 0.810140
final_layer_weights[2] = 0.432125
final_layer_weights[3] = -0.671455
final_layer_weights[4] = 0.109310
final_layer_weights[5] = 0.459150
final_layer_weights[6] = 0.608120
final_layer_weights[7] = 0.517505
final_layer_weights[8] = 0.838103
final_layer_weights[9] = 1.294524
.
.
.
final_layer_weights[1022] = -1.000000
final_layer_weights[1023] = -1.000000
Updated weights for semi-final layer:
semi_final_layer_weights[0] = 0.296344
semi_final_layer_weights[1] = 0.304964
semi_final_layer_weights[2] = 0.372607
semi_final_layer_weights[3] = -0.396633
semi_final_layer_weights[4] = -0.499023
semi_final_layer_weights[5] = -0.358654
semi_final_layer_weights[6] = 0.383759
semi_final_layer_weights[7] = -0.299026
semi_final_layer_weights[8] = 0.355283
semi_final_layer_weights[9] = 0.326405
.
.
.
semi_final_layer_weights[510] = -0.380730
semi_final_layer_weights[511] = -0.365760
Updating K Matrix:
k_matrix[0][0] = 0.344924
k_matrix[0][1] = -0.451819
k_matrix[1][0] = 0.433715
k_matrix[1][1] = -0.397698

Updating Q Matrix:
q_matrix[0][0] = -0.379780
q_matrix[0][1] = 0.490986
q_matrix[1][0] = -0.347939
q_matrix[1][1] = 0.304943

Updating V Matrix:
v_matrix[0][0] = 0.398684
v_matrix[0][1] = -0.352869
v_matrix[1][0] = 0.383976
v_matrix[1][1] = -0.385521

Updated weights for final layer:
final_layer_weights[0] = -0.501864
final_layer_weights[1] = -0.189860
final_layer_weights[2] = -0.567875
final_layer_weights[3] = 0.328545
final_layer_weights[4] = 1.109310
final_layer_weights[5] = 1.459150
final_layer_weights[6] = -0.391880
final_layer_weights[7] = 1.517505
final_layer_weights[8] = -0.161897
final_layer_weights[9] = 0.294524
.
.
.
final_layer_weights[1022] = 1.000000
final_layer_weights[1023] = 1.000000
Updated weights for semi-final layer:
semi_final_layer_weights[0] = -0.703656
semi_final_layer_weights[1] = -0.695036
semi_final_layer_weights[2] = -0.627393
semi_final_layer_weights[3] = 0.603367
semi_final_layer_weights[4] = 0.500977
semi_final_layer_weights[5] = 0.641346
semi_final_layer_weights[6] = -0.616241
semi_final_layer_weights[7] = 0.700974
semi_final_layer_weights[8] = -0.644717
semi_final_layer_weights[9] = -0.673595
.
.
.
semi_final_layer_weights[510] = 0.619270
semi_final_layer_weights[511] = 0.634240
Updating K Matrix:
k_matrix[0][0] = -0.655076
k_matrix[0][1] = 0.548181
k_matrix[1][0] = -0.566285
k_matrix[1][1] = 0.602302

Updating Q Matrix:
q_matrix[0][0] = 0.620220
q_matrix[0][1] = -0.509014
q_matrix[1][0] = 0.652061
q_matrix[1][1] = -0.695057

Updating V Matrix:
v_matrix[0][0] = -0.601316
v_matrix[0][1] = 0.647131
v_matrix[1][0] = -0.616024
v_matrix[1][1] = 0.614479

Updated weights for final layer:
final_layer_weights[0] = 0.498136
final_layer_weights[1] = 0.810140
final_layer_weights[2] = 0.432125
final_layer_weights[3] = -0.671455
final_layer_weights[4] = 0.109310
final_layer_weights[5] = 0.459150
final_layer_weights[6] = 0.608120
final_layer_weights[7] = 0.517505
final_layer_weights[8] = 0.838103
final_layer_weights[9] = 1.294524
.
.
.
final_layer_weights[1022] = -1.000000
final_layer_weights[1023] = -1.000000
Updated weights for semi-final layer:
semi_final_layer_weights[0] = 0.296344
semi_final_layer_weights[1] = 0.304964
semi_final_layer_weights[2] = 0.372607
semi_final_layer_weights[3] = -0.396633
semi_final_layer_weights[4] = -0.499023
semi_final_layer_weights[5] = -0.358654
semi_final_layer_weights[6] = 0.383759
semi_final_layer_weights[7] = -0.299026
semi_final_layer_weights[8] = 0.355283
semi_final_layer_weights[9] = 0.326405
.
.
.
semi_final_layer_weights[510] = -0.380730
semi_final_layer_weights[511] = -0.365760
Updating K Matrix:
k_matrix[0][0] = 0.344924
k_matrix[0][1] = -0.451819
k_matrix[1][0] = 0.433715
k_matrix[1][1] = -0.397698

Updating Q Matrix:
q_matrix[0][0] = -0.379780
q_matrix[0][1] = 0.490986
q_matrix[1][0] = -0.347939
q_matrix[1][1] = 0.304943

Updating V Matrix:
v_matrix[0][0] = 0.398684
v_matrix[0][1] = -0.352869
v_matrix[1][0] = 0.383976
v_matrix[1][1] = -0.385521

Updated weights for final layer:
final_layer_weights[0] = -0.501864
final_layer_weights[1] = -0.189860
final_layer_weights[2] = -0.567875
final_layer_weights[3] = 0.328545
final_layer_weights[4] = 1.109310
final_layer_weights[5] = 1.459150
final_layer_weights[6] = -0.391880
final_layer_weights[7] = 1.517505
final_layer_weights[8] = -0.161897
final_layer_weights[9] = 0.294524
.
.
.
final_layer_weights[1022] = 1.000000
final_layer_weights[1023] = 1.000000
Updated weights for semi-final layer:
semi_final_layer_weights[0] = -0.703656
semi_final_layer_weights[1] = -0.695036
semi_final_layer_weights[2] = -0.627393
semi_final_layer_weights[3] = 0.603367
semi_final_layer_weights[4] = 0.500977
semi_final_layer_weights[5] = 0.641346
semi_final_layer_weights[6] = -0.616241
semi_final_layer_weights[7] = 0.700974
semi_final_layer_weights[8] = -0.644717
semi_final_layer_weights[9] = -0.673595
.
.
.
semi_final_layer_weights[510] = 0.619270
semi_final_layer_weights[511] = 0.634240
Updating K Matrix:
k_matrix[0][0] = -0.655076
k_matrix[0][1] = 0.548181
k_matrix[1][0] = -0.566285
k_matrix[1][1] = 0.602302

Updating Q Matrix:
q_matrix[0][0] = 0.620220
q_matrix[0][1] = -0.509014
q_matrix[1][0] = 0.652061
q_matrix[1][1] = -0.695057

Updating V Matrix:
v_matrix[0][0] = -0.601316
v_matrix[0][1] = 0.647131
v_matrix[1][0] = -0.616024
v_matrix[1][1] = 0.614479

Updated weights for final layer:
final_layer_weights[0] = 0.498136
final_layer_weights[1] = 0.810140
final_layer_weights[2] = 0.432125
final_layer_weights[3] = -0.671455
final_layer_weights[4] = 0.198934
final_layer_weights[5] = 0.459150
final_layer_weights[6] = 0.608120
final_layer_weights[7] = 0.517505
final_layer_weights[8] = 0.838103
final_layer_weights[9] = 1.294524
.
.
.
final_layer_weights[1022] = -1.000000
final_layer_weights[1023] = -1.000000
Updated weights for semi-final layer:
semi_final_layer_weights[0] = 0.296344
semi_final_layer_weights[1] = 0.304964
semi_final_layer_weights[2] = 0.372607
semi_final_layer_weights[3] = -0.396633
semi_final_layer_weights[4] = -0.409399
semi_final_layer_weights[5] = -0.358654
semi_final_layer_weights[6] = 0.383759
semi_final_layer_weights[7] = -0.299026
semi_final_layer_weights[8] = 0.355283
semi_final_layer_weights[9] = 0.326405
.
.
.
semi_final_layer_weights[510] = -0.380730
semi_final_layer_weights[511] = -0.365760
Updating K Matrix:
k_matrix[0][0] = 0.344924
k_matrix[0][1] = -0.447975
k_matrix[1][0] = 0.433715
k_matrix[1][1] = -0.397698

Updating Q Matrix:
q_matrix[0][0] = -0.379780
q_matrix[0][1] = 0.415968
q_matrix[1][0] = -0.347939
q_matrix[1][1] = 0.304943

Updating V Matrix:
v_matrix[0][0] = 0.398684
v_matrix[0][1] = -0.352869
v_matrix[1][0] = 0.383976
v_matrix[1][1] = -0.385521

Updated weights for final layer:
final_layer_weights[0] = -0.357932
final_layer_weights[1] = -0.070829
final_layer_weights[2] = -0.567875
final_layer_weights[3] = 0.328545
final_layer_weights[4] = 1.198934
final_layer_weights[5] = 1.459150
final_layer_weights[6] = -0.391880
final_layer_weights[7] = 1.381322
final_layer_weights[8] = -0.161897
final_layer_weights[9] = 0.351617
.
.
.
final_layer_weights[1022] = 1.000000
final_layer_weights[1023] = 1.000000
Updated weights for semi-final layer:
semi_final_layer_weights[0] = -0.559724
semi_final_layer_weights[1] = -0.576005
semi_final_layer_weights[2] = -0.627393
semi_final_layer_weights[3] = 0.603367
semi_final_layer_weights[4] = 0.590601
semi_final_layer_weights[5] = 0.641346
semi_final_layer_weights[6] = -0.616241
semi_final_layer_weights[7] = 0.564791
semi_final_layer_weights[8] = -0.644717
semi_final_layer_weights[9] = -0.616502
.
.
.
semi_final_layer_weights[510] = 0.619270
semi_final_layer_weights[511] = 0.634240
Updating K Matrix:
k_matrix[0][0] = -0.651479
k_matrix[0][1] = 0.552025
k_matrix[1][0] = -0.566285
k_matrix[1][1] = 0.602302

Updating Q Matrix:
q_matrix[0][0] = 0.620220
q_matrix[0][1] = -0.584032
q_matrix[1][0] = 0.652061
q_matrix[1][1] = -0.575965

Updating V Matrix:
v_matrix[0][0] = -0.601316
v_matrix[0][1] = 0.647131
v_matrix[1][0] = -0.616024
v_matrix[1][1] = 0.614479

All values in the matrix are the same. Scaling is not possible.
Updated weights for final layer:
final_layer_weights[0] = -0.189685
final_layer_weights[1] = 0.102312
final_layer_weights[2] = -0.379287
final_layer_weights[3] = 0.147179
final_layer_weights[4] = 1.021405
final_layer_weights[5] = 1.266368
final_layer_weights[6] = -0.206644
final_layer_weights[7] = 1.211551
final_layer_weights[8] = 0.031899
final_layer_weights[9] = 0.536931
.
.
.
final_layer_weights[1022] = -0.186146
final_layer_weights[1023] = -0.190646
Updated weights for semi-final layer:
semi_final_layer_weights[0] = -0.391477
semi_final_layer_weights[1] = -0.402864
semi_final_layer_weights[2] = -0.438805
semi_final_layer_weights[3] = 0.422001
semi_final_layer_weights[4] = 0.413072
semi_final_layer_weights[5] = 0.448564
semi_final_layer_weights[6] = -0.431005
semi_final_layer_weights[7] = 0.395020
semi_final_layer_weights[8] = -0.450921
semi_final_layer_weights[9] = -0.431188
.
.
.
semi_final_layer_weights[510] = 0.433124
semi_final_layer_weights[511] = 0.443593
Updating K Matrix:
k_matrix[0][0] = -0.455651
k_matrix[0][1] = 0.386092
k_matrix[1][0] = -0.396066
k_matrix[1][1] = 0.421256

Updating Q Matrix:
q_matrix[0][0] = 0.433788
q_matrix[0][1] = -0.408478
q_matrix[1][0] = 0.456058
q_matrix[1][1] = -0.402836

Updating V Matrix:
v_matrix[0][0] = -0.420566
v_matrix[0][1] = 0.452610
v_matrix[1][0] = -0.430853
v_matrix[1][1] = 0.429773

   Loss: 496.857189 (Γ£¿ BEST) Γöé
  Γöé  Γöé Epoch   3/5 Updated weights for final layer:
final_layer_weights[0] = 0.810315
final_layer_weights[1] = 1.102312
final_layer_weights[2] = 0.620713
final_layer_weights[3] = -0.852821
final_layer_weights[4] = 0.021405
final_layer_weights[5] = 0.266368
final_layer_weights[6] = 0.793356
final_layer_weights[7] = 0.211551
final_layer_weights[8] = 1.031899
final_layer_weights[9] = 1.536931
.
.
.
final_layer_weights[1022] = -1.000000
final_layer_weights[1023] = -1.000000
Updated weights for semi-final layer:
semi_final_layer_weights[0] = 0.608523
semi_final_layer_weights[1] = 0.597136
semi_final_layer_weights[2] = 0.561195
semi_final_layer_weights[3] = -0.577999
semi_final_layer_weights[4] = -0.586928
semi_final_layer_weights[5] = -0.551436
semi_final_layer_weights[6] = 0.568995
semi_final_layer_weights[7] = -0.604980
semi_final_layer_weights[8] = 0.549079
semi_final_layer_weights[9] = 0.568812
.
.
.
semi_final_layer_weights[510] = -0.566876
semi_final_layer_weights[511] = -0.556407
Updating K Matrix:
k_matrix[0][0] = 0.544349
k_matrix[0][1] = -0.613908
k_matrix[1][0] = 0.603934
k_matrix[1][1] = -0.578744

Updating Q Matrix:
q_matrix[0][0] = -0.566212
q_matrix[0][1] = 0.591522
q_matrix[1][0] = -0.543942
q_matrix[1][1] = 0.597164

Updating V Matrix:
v_matrix[0][0] = 0.579434
v_matrix[0][1] = -0.547390
v_matrix[1][0] = 0.569147
v_matrix[1][1] = -0.570227

Updated weights for final layer:
final_layer_weights[0] = -0.189685
final_layer_weights[1] = 0.102312
final_layer_weights[2] = -0.379287
final_layer_weights[3] = 0.147179
final_layer_weights[4] = 1.021405
final_layer_weights[5] = 1.266368
final_layer_weights[6] = -0.206644
final_layer_weights[7] = 1.211551
final_layer_weights[8] = 0.031899
final_layer_weights[9] = 0.536931
.
.
.
final_layer_weights[1022] = 1.000000
final_layer_weights[1023] = 1.000000
Updated weights for semi-final layer:
semi_final_layer_weights[0] = -0.391477
semi_final_layer_weights[1] = -0.402864
semi_final_layer_weights[2] = -0.438805
semi_final_layer_weights[3] = 0.422001
semi_final_layer_weights[4] = 0.413072
semi_final_layer_weights[5] = 0.448564
semi_final_layer_weights[6] = -0.431005
semi_final_layer_weights[7] = 0.395020
semi_final_layer_weights[8] = -0.450921
semi_final_layer_weights[9] = -0.431188
.
.
.
semi_final_layer_weights[510] = 0.433124
semi_final_layer_weights[511] = 0.443593
Updating K Matrix:
k_matrix[0][0] = -0.455651
k_matrix[0][1] = 0.386092
k_matrix[1][0] = -0.396066
k_matrix[1][1] = 0.421256

Updating Q Matrix:
q_matrix[0][0] = 0.433788
q_matrix[0][1] = -0.408478
q_matrix[1][0] = 0.456058
q_matrix[1][1] = -0.402836

Updating V Matrix:
v_matrix[0][0] = -0.420566
v_matrix[0][1] = 0.452610
v_matrix[1][0] = -0.430853
v_matrix[1][1] = 0.429773

Updated weights for final layer:
final_layer_weights[0] = 0.810315
final_layer_weights[1] = 1.102312
final_layer_weights[2] = 0.620713
final_layer_weights[3] = -0.852821
final_layer_weights[4] = 0.021405
final_layer_weights[5] = 0.266368
final_layer_weights[6] = 0.793356
final_layer_weights[7] = 0.211551
final_layer_weights[8] = 1.031899
final_layer_weights[9] = 1.536931
.
.
.
final_layer_weights[1022] = -1.000000
final_layer_weights[1023] = -1.000000
Updated weights for semi-final layer:
semi_final_layer_weights[0] = 0.608523
semi_final_layer_weights[1] = 0.597136
semi_final_layer_weights[2] = 0.561195
semi_final_layer_weights[3] = -0.577999
semi_final_layer_weights[4] = -0.586928
semi_final_layer_weights[5] = -0.551436
semi_final_layer_weights[6] = 0.568995
semi_final_layer_weights[7] = -0.604980
semi_final_layer_weights[8] = 0.549079
semi_final_layer_weights[9] = 0.568812
.
.
.
semi_final_layer_weights[510] = -0.566876
semi_final_layer_weights[511] = -0.556407
Updating K Matrix:
k_matrix[0][0] = 0.544349
k_matrix[0][1] = -0.613908
k_matrix[1][0] = 0.603934
k_matrix[1][1] = -0.578744

Updating Q Matrix:
q_matrix[0][0] = -0.566212
q_matrix[0][1] = 0.591522
q_matrix[1][0] = -0.543942
q_matrix[1][1] = 0.597164

Updating V Matrix:
v_matrix[0][0] = 0.579434
v_matrix[0][1] = -0.547390
v_matrix[1][0] = 0.569147
v_matrix[1][1] = -0.570227

Updated weights for final layer:
final_layer_weights[0] = -0.189685
final_layer_weights[1] = 0.102312
final_layer_weights[2] = -0.379287
final_layer_weights[3] = 0.147179
final_layer_weights[4] = 1.021405
final_layer_weights[5] = 1.266368
final_layer_weights[6] = -0.206644
final_layer_weights[7] = 1.211551
final_layer_weights[8] = 0.031899
final_layer_weights[9] = 0.536931
.
.
.
final_layer_weights[1022] = 1.000000
final_layer_weights[1023] = 1.000000
Updated weights for semi-final layer:
semi_final_layer_weights[0] = -0.391477
semi_final_layer_weights[1] = -0.402864
semi_final_layer_weights[2] = -0.438805
semi_final_layer_weights[3] = 0.422001
semi_final_layer_weights[4] = 0.413072
semi_final_layer_weights[5] = 0.448564
semi_final_layer_weights[6] = -0.431005
semi_final_layer_weights[7] = 0.395020
semi_final_layer_weights[8] = -0.450921
semi_final_layer_weights[9] = -0.431188
.
.
.
semi_final_layer_weights[510] = 0.433124
semi_final_layer_weights[511] = 0.443593
Updating K Matrix:
k_matrix[0][0] = -0.455651
k_matrix[0][1] = 0.386092
k_matrix[1][0] = -0.396066
k_matrix[1][1] = 0.421256

Updating Q Matrix:
q_matrix[0][0] = 0.433788
q_matrix[0][1] = -0.408478
q_matrix[1][0] = 0.456058
q_matrix[1][1] = -0.402836

Updating V Matrix:
v_matrix[0][0] = -0.420566
v_matrix[0][1] = 0.452610
v_matrix[1][0] = -0.430853
v_matrix[1][1] = 0.429773

Updated weights for final layer:
final_layer_weights[0] = 0.810315
final_layer_weights[1] = 1.102312
final_layer_weights[2] = 0.620713
final_layer_weights[3] = -0.852821
final_layer_weights[4] = 0.021405
final_layer_weights[5] = 0.266368
final_layer_weights[6] = 0.793356
final_layer_weights[7] = 0.211551
final_layer_weights[8] = 1.031899
final_layer_weights[9] = 1.536931
.
.
.
final_layer_weights[1022] = -1.000000
final_layer_weights[1023] = -1.000000
Updated weights for semi-final layer:
semi_final_layer_weights[0] = 0.608523
semi_final_layer_weights[1] = 0.597136
semi_final_layer_weights[2] = 0.561195
semi_final_layer_weights[3] = -0.577999
semi_final_layer_weights[4] = -0.586928
semi_final_layer_weights[5] = -0.551436
semi_final_layer_weights[6] = 0.568995
semi_final_layer_weights[7] = -0.604980
semi_final_layer_weights[8] = 0.549079
semi_final_layer_weights[9] = 0.568812
.
.
.
semi_final_layer_weights[510] = -0.566876
semi_final_layer_weights[511] = -0.556407
Updating K Matrix:
k_matrix[0][0] = 0.544349
k_matrix[0][1] = -0.613908
k_matrix[1][0] = 0.603934
k_matrix[1][1] = -0.578744

Updating Q Matrix:
q_matrix[0][0] = -0.566212
q_matrix[0][1] = 0.591522
q_matrix[1][0] = -0.543942
q_matrix[1][1] = 0.597164

Updating V Matrix:
v_matrix[0][0] = 0.579434
v_matrix[0][1] = -0.547390
v_matrix[1][0] = 0.569147
v_matrix[1][1] = -0.570227

Updated weights for final layer:
final_layer_weights[0] = -0.189685
final_layer_weights[1] = 0.102312
final_layer_weights[2] = -0.379287
final_layer_weights[3] = 0.147179
final_layer_weights[4] = 1.021405
final_layer_weights[5] = 1.266368
final_layer_weights[6] = -0.206644
final_layer_weights[7] = 1.211551
final_layer_weights[8] = 0.031899
final_layer_weights[9] = 0.536931
.
.
.
final_layer_weights[1022] = 1.000000
final_layer_weights[1023] = 1.000000
Updated weights for semi-final layer:
semi_final_layer_weights[0] = -0.391477
semi_final_layer_weights[1] = -0.402864
semi_final_layer_weights[2] = -0.438805
semi_final_layer_weights[3] = 0.422001
semi_final_layer_weights[4] = 0.413072
semi_final_layer_weights[5] = 0.448564
semi_final_layer_weights[6] = -0.431005
semi_final_layer_weights[7] = 0.395020
semi_final_layer_weights[8] = -0.450921
semi_final_layer_weights[9] = -0.431188
.
.
.
semi_final_layer_weights[510] = 0.433124
semi_final_layer_weights[511] = 0.443593
Updating K Matrix:
k_matrix[0][0] = -0.455651
k_matrix[0][1] = 0.386092
k_matrix[1][0] = -0.396066
k_matrix[1][1] = 0.421256

Updating Q Matrix:
q_matrix[0][0] = 0.433788
q_matrix[0][1] = -0.408478
q_matrix[1][0] = 0.456058
q_matrix[1][1] = -0.402836

Updating V Matrix:
v_matrix[0][0] = -0.420566
v_matrix[0][1] = 0.452610
v_matrix[1][0] = -0.430853
v_matrix[1][1] = 0.429773

Updated weights for final layer:
final_layer_weights[0] = 0.810315
final_layer_weights[1] = 1.102312
final_layer_weights[2] = 0.620713
final_layer_weights[3] = -0.852821
final_layer_weights[4] = 0.021405
final_layer_weights[5] = 0.266368
final_layer_weights[6] = 0.793356
final_layer_weights[7] = 0.211551
final_layer_weights[8] = 1.031899
final_layer_weights[9] = 1.536931
.
.
.
final_layer_weights[1022] = -1.000000
final_layer_weights[1023] = -1.000000
Updated weights for semi-final layer:
semi_final_layer_weights[0] = 0.608523
semi_final_layer_weights[1] = 0.597136
semi_final_layer_weights[2] = 0.561195
semi_final_layer_weights[3] = -0.577999
semi_final_layer_weights[4] = -0.586928
semi_final_layer_weights[5] = -0.551436
semi_final_layer_weights[6] = 0.568995
semi_final_layer_weights[7] = -0.604980
semi_final_layer_weights[8] = 0.549079
semi_final_layer_weights[9] = 0.568812
.
.
.
semi_final_layer_weights[510] = -0.566876
semi_final_layer_weights[511] = -0.556407
Updating K Matrix:
k_matrix[0][0] = 0.544349
k_matrix[0][1] = -0.613908
k_matrix[1][0] = 0.603934
k_matrix[1][1] = -0.578744

Updating Q Matrix:
q_matrix[0][0] = -0.566212
q_matrix[0][1] = 0.591522
q_matrix[1][0] = -0.543942
q_matrix[1][1] = 0.597164

Updating V Matrix:
v_matrix[0][0] = 0.579434
v_matrix[0][1] = -0.547390
v_matrix[1][0] = 0.569147
v_matrix[1][1] = -0.570227

Updated weights for final layer:
final_layer_weights[0] = -0.189685
final_layer_weights[1] = 0.102312
final_layer_weights[2] = -0.379287
final_layer_weights[3] = 0.147179
final_layer_weights[4] = 1.021405
final_layer_weights[5] = 1.266368
final_layer_weights[6] = -0.206644
final_layer_weights[7] = 1.211551
final_layer_weights[8] = 0.031899
final_layer_weights[9] = 0.536931
.
.
.
final_layer_weights[1022] = 1.000000
final_layer_weights[1023] = 1.000000
Updated weights for semi-final layer:
semi_final_layer_weights[0] = -0.391477
semi_final_layer_weights[1] = -0.402864
semi_final_layer_weights[2] = -0.438805
semi_final_layer_weights[3] = 0.422001
semi_final_layer_weights[4] = 0.413072
semi_final_layer_weights[5] = 0.448564
semi_final_layer_weights[6] = -0.431005
semi_final_layer_weights[7] = 0.395020
semi_final_layer_weights[8] = -0.450921
semi_final_layer_weights[9] = -0.431188
.
.
.
semi_final_layer_weights[510] = 0.433124
semi_final_layer_weights[511] = 0.443593
Updating K Matrix:
k_matrix[0][0] = -0.455651
k_matrix[0][1] = 0.386092
k_matrix[1][0] = -0.396066
k_matrix[1][1] = 0.421256

Updating Q Matrix:
q_matrix[0][0] = 0.433788
q_matrix[0][1] = -0.408478
q_matrix[1][0] = 0.456058
q_matrix[1][1] = -0.402836

Updating V Matrix:
v_matrix[0][0] = -0.420566
v_matrix[0][1] = 0.452610
v_matrix[1][0] = -0.430853
v_matrix[1][1] = 0.429773

Updated weights for final layer:
final_layer_weights[0] = 0.810315
final_layer_weights[1] = 1.102312
final_layer_weights[2] = 0.620713
final_layer_weights[3] = -0.852821
final_layer_weights[4] = 0.021405
final_layer_weights[5] = 0.266368
final_layer_weights[6] = 0.793356
final_layer_weights[7] = 0.211551
final_layer_weights[8] = 1.031899
final_layer_weights[9] = 1.536931
.
.
.
final_layer_weights[1022] = -1.000000
final_layer_weights[1023] = -1.000000
Updated weights for semi-final layer:
semi_final_layer_weights[0] = 0.608523
semi_final_layer_weights[1] = 0.597136
semi_final_layer_weights[2] = 0.561195
semi_final_layer_weights[3] = -0.577999
semi_final_layer_weights[4] = -0.586928
semi_final_layer_weights[5] = -0.551436
semi_final_layer_weights[6] = 0.568995
semi_final_layer_weights[7] = -0.604980
semi_final_layer_weights[8] = 0.549079
semi_final_layer_weights[9] = 0.568812
.
.
.
semi_final_layer_weights[510] = -0.566876
semi_final_layer_weights[511] = -0.556407
Updating K Matrix:
k_matrix[0][0] = 0.544349
k_matrix[0][1] = -0.613908
k_matrix[1][0] = 0.603934
k_matrix[1][1] = -0.578744

Updating Q Matrix:
q_matrix[0][0] = -0.566212
q_matrix[0][1] = 0.591522
q_matrix[1][0] = -0.543942
q_matrix[1][1] = 0.597164

Updating V Matrix:
v_matrix[0][0] = 0.579434
v_matrix[0][1] = -0.547390
v_matrix[1][0] = 0.569147
v_matrix[1][1] = -0.570227

All values in the matrix are the same. Scaling is not possible.
Updated weights for final layer:
final_layer_weights[0] = 0.627399
final_layer_weights[1] = 0.922819
final_layer_weights[2] = 0.452023
final_layer_weights[3] = -0.679081
final_layer_weights[4] = 0.197830
final_layer_weights[5] = 0.432124
final_layer_weights[6] = 0.622322
final_layer_weights[7] = 0.393402
final_layer_weights[8] = 0.866851
final_layer_weights[9] = 1.365952
.
.
.
final_layer_weights[1022] = 0.170397
final_layer_weights[1023] = 0.167250
Updated weights for semi-final layer:
semi_final_layer_weights[0] = 0.425607
semi_final_layer_weights[1] = 0.417643
semi_final_layer_weights[2] = 0.392505
semi_final_layer_weights[3] = -0.404259
semi_final_layer_weights[4] = -0.410503
semi_final_layer_weights[5] = -0.385680
semi_final_layer_weights[6] = 0.397961
semi_final_layer_weights[7] = -0.423129
semi_final_layer_weights[8] = 0.384031
semi_final_layer_weights[9] = 0.397833
.
.
.
semi_final_layer_weights[510] = -0.396479
semi_final_layer_weights[511] = -0.389156
Updating K Matrix:
k_matrix[0][0] = 0.380723
k_matrix[0][1] = -0.429373
k_matrix[1][0] = 0.422398
k_matrix[1][1] = -0.404779

Updating Q Matrix:
q_matrix[0][0] = -0.396014
q_matrix[0][1] = 0.413716
q_matrix[1][0] = -0.380438
q_matrix[1][1] = 0.417663

Updating V Matrix:
v_matrix[0][0] = 0.405262
v_matrix[0][1] = -0.382850
v_matrix[1][0] = 0.398067
v_matrix[1][1] = -0.398823

   Loss: 571.996902 Γöé
  Γöé  Γöé Epoch   4/5 Updated weights for final layer:
final_layer_weights[0] = -0.372601
final_layer_weights[1] = -0.077181
final_layer_weights[2] = -0.547977
final_layer_weights[3] = 0.320919
final_layer_weights[4] = 1.197830
final_layer_weights[5] = 1.432124
final_layer_weights[6] = -0.377678
final_layer_weights[7] = 1.393402
final_layer_weights[8] = -0.133149
final_layer_weights[9] = 0.365952
.
.
.
final_layer_weights[1022] = 1.000000
final_layer_weights[1023] = 1.000000
Updated weights for semi-final layer:
semi_final_layer_weights[0] = -0.574393
semi_final_layer_weights[1] = -0.582357
semi_final_layer_weights[2] = -0.607495
semi_final_layer_weights[3] = 0.595741
semi_final_layer_weights[4] = 0.589497
semi_final_layer_weights[5] = 0.614320
semi_final_layer_weights[6] = -0.602039
semi_final_layer_weights[7] = 0.576871
semi_final_layer_weights[8] = -0.615969
semi_final_layer_weights[9] = -0.602167
.
.
.
semi_final_layer_weights[510] = 0.603521
semi_final_layer_weights[511] = 0.610844
Updating K Matrix:
k_matrix[0][0] = -0.619277
k_matrix[0][1] = 0.570627
k_matrix[1][0] = -0.577602
k_matrix[1][1] = 0.595221

Updating Q Matrix:
q_matrix[0][0] = 0.603986
q_matrix[0][1] = -0.586284
q_matrix[1][0] = 0.619562
q_matrix[1][1] = -0.582337

Updating V Matrix:
v_matrix[0][0] = -0.594738
v_matrix[0][1] = 0.617150
v_matrix[1][0] = -0.601933
v_matrix[1][1] = 0.601177

Updated weights for final layer:
final_layer_weights[0] = 0.627399
final_layer_weights[1] = 0.922819
final_layer_weights[2] = 0.452023
final_layer_weights[3] = -0.679081
final_layer_weights[4] = 0.197830
final_layer_weights[5] = 0.432124
final_layer_weights[6] = 0.622322
final_layer_weights[7] = 0.393402
final_layer_weights[8] = 0.866851
final_layer_weights[9] = 1.365952
.
.
.
final_layer_weights[1022] = -1.000000
final_layer_weights[1023] = -1.000000
Updated weights for semi-final layer:
semi_final_layer_weights[0] = 0.425607
semi_final_layer_weights[1] = 0.417643
semi_final_layer_weights[2] = 0.392505
semi_final_layer_weights[3] = -0.404259
semi_final_layer_weights[4] = -0.410503
semi_final_layer_weights[5] = -0.385680
semi_final_layer_weights[6] = 0.397961
semi_final_layer_weights[7] = -0.423129
semi_final_layer_weights[8] = 0.384031
semi_final_layer_weights[9] = 0.397833
.
.
.
semi_final_layer_weights[510] = -0.396479
semi_final_layer_weights[511] = -0.389156
Updating K Matrix:
k_matrix[0][0] = 0.380723
k_matrix[0][1] = -0.429373
k_matrix[1][0] = 0.422398
k_matrix[1][1] = -0.404779

Updating Q Matrix:
q_matrix[0][0] = -0.396014
q_matrix[0][1] = 0.413716
q_matrix[1][0] = -0.380438
q_matrix[1][1] = 0.417663

Updating V Matrix:
v_matrix[0][0] = 0.405262
v_matrix[0][1] = -0.382850
v_matrix[1][0] = 0.398067
v_matrix[1][1] = -0.398823

Updated weights for final layer:
final_layer_weights[0] = -0.372601
final_layer_weights[1] = -0.077181
final_layer_weights[2] = -0.547977
final_layer_weights[3] = 0.320919
final_layer_weights[4] = 1.197830
final_layer_weights[5] = 1.432124
final_layer_weights[6] = -0.377678
final_layer_weights[7] = 1.393402
final_layer_weights[8] = -0.133149
final_layer_weights[9] = 0.365952
.
.
.
final_layer_weights[1022] = 1.000000
final_layer_weights[1023] = 1.000000
Updated weights for semi-final layer:
semi_final_layer_weights[0] = -0.574393
semi_final_layer_weights[1] = -0.582357
semi_final_layer_weights[2] = -0.607495
semi_final_layer_weights[3] = 0.595741
semi_final_layer_weights[4] = 0.589497
semi_final_layer_weights[5] = 0.614320
semi_final_layer_weights[6] = -0.602039
semi_final_layer_weights[7] = 0.576871
semi_final_layer_weights[8] = -0.615969
semi_final_layer_weights[9] = -0.602167
.
.
.
semi_final_layer_weights[510] = 0.603521
semi_final_layer_weights[511] = 0.610844
Updating K Matrix:
k_matrix[0][0] = -0.619277
k_matrix[0][1] = 0.570627
k_matrix[1][0] = -0.577602
k_matrix[1][1] = 0.595221

Updating Q Matrix:
q_matrix[0][0] = 0.603986
q_matrix[0][1] = -0.586284
q_matrix[1][0] = 0.619562
q_matrix[1][1] = -0.582337

Updating V Matrix:
v_matrix[0][0] = -0.594738
v_matrix[0][1] = 0.617150
v_matrix[1][0] = -0.601933
v_matrix[1][1] = 0.601177

Updated weights for final layer:
final_layer_weights[0] = 0.627399
final_layer_weights[1] = 0.922819
final_layer_weights[2] = 0.452023
final_layer_weights[3] = -0.679081
final_layer_weights[4] = 0.197830
final_layer_weights[5] = 0.432124
final_layer_weights[6] = 0.622322
final_layer_weights[7] = 0.393402
final_layer_weights[8] = 0.866851
final_layer_weights[9] = 1.365952
.
.
.
final_layer_weights[1022] = -1.000000
final_layer_weights[1023] = -1.000000
Updated weights for semi-final layer:
semi_final_layer_weights[0] = 0.425607
semi_final_layer_weights[1] = 0.417643
semi_final_layer_weights[2] = 0.392505
semi_final_layer_weights[3] = -0.404259
semi_final_layer_weights[4] = -0.410503
semi_final_layer_weights[5] = -0.385680
semi_final_layer_weights[6] = 0.397961
semi_final_layer_weights[7] = -0.423129
semi_final_layer_weights[8] = 0.384031
semi_final_layer_weights[9] = 0.397833
.
.
.
semi_final_layer_weights[510] = -0.396479
semi_final_layer_weights[511] = -0.389156
Updating K Matrix:
k_matrix[0][0] = 0.380723
k_matrix[0][1] = -0.429373
k_matrix[1][0] = 0.422398
k_matrix[1][1] = -0.404779

Updating Q Matrix:
q_matrix[0][0] = -0.396014
q_matrix[0][1] = 0.413716
q_matrix[1][0] = -0.380438
q_matrix[1][1] = 0.417663

Updating V Matrix:
v_matrix[0][0] = 0.405262
v_matrix[0][1] = -0.382850
v_matrix[1][0] = 0.398067
v_matrix[1][1] = -0.398823

Updated weights for final layer:
final_layer_weights[0] = -0.372601
final_layer_weights[1] = -0.077181
final_layer_weights[2] = -0.547977
final_layer_weights[3] = 0.320919
final_layer_weights[4] = 1.197830
final_layer_weights[5] = 1.432124
final_layer_weights[6] = -0.377678
final_layer_weights[7] = 1.393402
final_layer_weights[8] = -0.133149
final_layer_weights[9] = 0.365952
.
.
.
final_layer_weights[1022] = 1.000000
final_layer_weights[1023] = 1.000000
Updated weights for semi-final layer:
semi_final_layer_weights[0] = -0.574393
semi_final_layer_weights[1] = -0.582357
semi_final_layer_weights[2] = -0.607495
semi_final_layer_weights[3] = 0.595741
semi_final_layer_weights[4] = 0.589497
semi_final_layer_weights[5] = 0.614320
semi_final_layer_weights[6] = -0.602039
semi_final_layer_weights[7] = 0.576871
semi_final_layer_weights[8] = -0.615969
semi_final_layer_weights[9] = -0.602167
.
.
.
semi_final_layer_weights[510] = 0.603521
semi_final_layer_weights[511] = 0.610844
Updating K Matrix:
k_matrix[0][0] = -0.619277
k_matrix[0][1] = 0.570627
k_matrix[1][0] = -0.577602
k_matrix[1][1] = 0.595221

Updating Q Matrix:
q_matrix[0][0] = 0.603986
q_matrix[0][1] = -0.586284
q_matrix[1][0] = 0.619562
q_matrix[1][1] = -0.582337

Updating V Matrix:
v_matrix[0][0] = -0.594738
v_matrix[0][1] = 0.617150
v_matrix[1][0] = -0.601933
v_matrix[1][1] = 0.601177

Updated weights for final layer:
final_layer_weights[0] = 0.627399
final_layer_weights[1] = 0.922819
final_layer_weights[2] = 0.452023
final_layer_weights[3] = -0.679081
final_layer_weights[4] = 0.197830
final_layer_weights[5] = 0.432124
final_layer_weights[6] = 0.622322
final_layer_weights[7] = 0.393402
final_layer_weights[8] = 0.866851
final_layer_weights[9] = 1.365952
.
.
.
final_layer_weights[1022] = -1.000000
final_layer_weights[1023] = -1.000000
Updated weights for semi-final layer:
semi_final_layer_weights[0] = 0.425607
semi_final_layer_weights[1] = 0.417643
semi_final_layer_weights[2] = 0.392505
semi_final_layer_weights[3] = -0.404259
semi_final_layer_weights[4] = -0.410503
semi_final_layer_weights[5] = -0.385680
semi_final_layer_weights[6] = 0.397961
semi_final_layer_weights[7] = -0.423129
semi_final_layer_weights[8] = 0.384031
semi_final_layer_weights[9] = 0.397833
.
.
.
semi_final_layer_weights[510] = -0.396479
semi_final_layer_weights[511] = -0.389156
Updating K Matrix:
k_matrix[0][0] = 0.380723
k_matrix[0][1] = -0.429373
k_matrix[1][0] = 0.422398
k_matrix[1][1] = -0.404779

Updating Q Matrix:
q_matrix[0][0] = -0.396014
q_matrix[0][1] = 0.413716
q_matrix[1][0] = -0.380438
q_matrix[1][1] = 0.417663

Updating V Matrix:
v_matrix[0][0] = 0.405262
v_matrix[0][1] = -0.382850
v_matrix[1][0] = 0.398067
v_matrix[1][1] = -0.398823

Updated weights for final layer:
final_layer_weights[0] = -0.372601
final_layer_weights[1] = -0.077181
final_layer_weights[2] = -0.547977
final_layer_weights[3] = 0.320919
final_layer_weights[4] = 1.197830
final_layer_weights[5] = 1.432124
final_layer_weights[6] = -0.377678
final_layer_weights[7] = 1.393402
final_layer_weights[8] = -0.133149
final_layer_weights[9] = 0.365952
.
.
.
final_layer_weights[1022] = 1.000000
final_layer_weights[1023] = 1.000000
Updated weights for semi-final layer:
semi_final_layer_weights[0] = -0.574393
semi_final_layer_weights[1] = -0.582357
semi_final_layer_weights[2] = -0.607495
semi_final_layer_weights[3] = 0.595741
semi_final_layer_weights[4] = 0.589497
semi_final_layer_weights[5] = 0.614320
semi_final_layer_weights[6] = -0.602039
semi_final_layer_weights[7] = 0.576871
semi_final_layer_weights[8] = -0.615969
semi_final_layer_weights[9] = -0.602167
.
.
.
semi_final_layer_weights[510] = 0.603521
semi_final_layer_weights[511] = 0.610844
Updating K Matrix:
k_matrix[0][0] = -0.619277
k_matrix[0][1] = 0.570627
k_matrix[1][0] = -0.577602
k_matrix[1][1] = 0.595221

Updating Q Matrix:
q_matrix[0][0] = 0.603986
q_matrix[0][1] = -0.586284
q_matrix[1][0] = 0.619562
q_matrix[1][1] = -0.582337

Updating V Matrix:
v_matrix[0][0] = -0.594738
v_matrix[0][1] = 0.617150
v_matrix[1][0] = -0.601933
v_matrix[1][1] = 0.601177

Updated weights for final layer:
final_layer_weights[0] = 0.627399
final_layer_weights[1] = 0.922819
final_layer_weights[2] = 0.452023
final_layer_weights[3] = -0.679081
final_layer_weights[4] = 0.197830
final_layer_weights[5] = 0.432124
final_layer_weights[6] = 0.622322
final_layer_weights[7] = 0.393402
final_layer_weights[8] = 0.866851
final_layer_weights[9] = 1.365952
.
.
.
final_layer_weights[1022] = -1.000000
final_layer_weights[1023] = -1.000000
Updated weights for semi-final layer:
semi_final_layer_weights[0] = 0.425607
semi_final_layer_weights[1] = 0.417643
semi_final_layer_weights[2] = 0.392505
semi_final_layer_weights[3] = -0.404259
semi_final_layer_weights[4] = -0.410503
semi_final_layer_weights[5] = -0.385680
semi_final_layer_weights[6] = 0.397961
semi_final_layer_weights[7] = -0.423129
semi_final_layer_weights[8] = 0.384031
semi_final_layer_weights[9] = 0.397833
.
.
.
semi_final_layer_weights[510] = -0.396479
semi_final_layer_weights[511] = -0.389156
Updating K Matrix:
k_matrix[0][0] = 0.380723
k_matrix[0][1] = -0.429373
k_matrix[1][0] = 0.422398
k_matrix[1][1] = -0.404779

Updating Q Matrix:
q_matrix[0][0] = -0.396014
q_matrix[0][1] = 0.413716
q_matrix[1][0] = -0.380438
q_matrix[1][1] = 0.417663

Updating V Matrix:
v_matrix[0][0] = 0.405262
v_matrix[0][1] = -0.382850
v_matrix[1][0] = 0.398067
v_matrix[1][1] = -0.398823

Updated weights for final layer:
final_layer_weights[0] = -0.372601
final_layer_weights[1] = -0.077181
final_layer_weights[2] = -0.547977
final_layer_weights[3] = 0.320919
final_layer_weights[4] = 1.197830
final_layer_weights[5] = 1.432124
final_layer_weights[6] = -0.377678
final_layer_weights[7] = 1.393402
final_layer_weights[8] = -0.133149
final_layer_weights[9] = 0.365952
.
.
.
final_layer_weights[1022] = 1.000000
final_layer_weights[1023] = 1.000000
Updated weights for semi-final layer:
semi_final_layer_weights[0] = -0.574393
semi_final_layer_weights[1] = -0.582357
semi_final_layer_weights[2] = -0.607495
semi_final_layer_weights[3] = 0.595741
semi_final_layer_weights[4] = 0.589497
semi_final_layer_weights[5] = 0.614320
semi_final_layer_weights[6] = -0.602039
semi_final_layer_weights[7] = 0.576871
semi_final_layer_weights[8] = -0.615969
semi_final_layer_weights[9] = -0.602167
.
.
.
semi_final_layer_weights[510] = 0.603521
semi_final_layer_weights[511] = 0.610844
Updating K Matrix:
k_matrix[0][0] = -0.619277
k_matrix[0][1] = 0.570627
k_matrix[1][0] = -0.577602
k_matrix[1][1] = 0.595221

Updating Q Matrix:
q_matrix[0][0] = 0.603986
q_matrix[0][1] = -0.586284
q_matrix[1][0] = 0.619562
q_matrix[1][1] = -0.582337

Updating V Matrix:
v_matrix[0][0] = -0.594738
v_matrix[0][1] = 0.617150
v_matrix[1][0] = -0.601933
v_matrix[1][1] = 0.601177

All values in the matrix are the same. Scaling is not possible.
Updated weights for final layer:
final_layer_weights[0] = -0.199944
final_layer_weights[1] = 0.097870
final_layer_weights[2] = -0.365370
final_layer_weights[3] = 0.141846
final_layer_weights[4] = 1.020633
final_layer_weights[5] = 1.247465
final_layer_weights[6] = -0.196711
final_layer_weights[7] = 1.220000
final_layer_weights[8] = 0.052005
final_layer_weights[9] = 0.546957
.
.
.
final_layer_weights[1022] = -0.181412
final_layer_weights[1023] = -0.183614
Updated weights for semi-final layer:
semi_final_layer_weights[0] = -0.401736
semi_final_layer_weights[1] = -0.407306
semi_final_layer_weights[2] = -0.424888
semi_final_layer_weights[3] = 0.416668
semi_final_layer_weights[4] = 0.412300
semi_final_layer_weights[5] = 0.429661
semi_final_layer_weights[6] = -0.421072
semi_final_layer_weights[7] = 0.403469
semi_final_layer_weights[8] = -0.430815
semi_final_layer_weights[9] = -0.421162
.
.
.
semi_final_layer_weights[510] = 0.422109
semi_final_layer_weights[511] = 0.427230
Updating K Matrix:
k_matrix[0][0] = -0.433129
k_matrix[0][1] = 0.399102
k_matrix[1][0] = -0.403981
k_matrix[1][1] = 0.416303

Updating Q Matrix:
q_matrix[0][0] = 0.422434
q_matrix[0][1] = -0.410053
q_matrix[1][0] = 0.433328
q_matrix[1][1] = -0.407293

Updating V Matrix:
v_matrix[0][0] = -0.415966
v_matrix[0][1] = 0.431641
v_matrix[1][0] = -0.420998
v_matrix[1][1] = 0.420469

   Loss: 528.107353 Γöé
  Γöé  Γöé Epoch   5/5 Updated weights for final layer:
final_layer_weights[0] = 0.800056
final_layer_weights[1] = 1.097870
final_layer_weights[2] = 0.634630
final_layer_weights[3] = -0.858154
final_layer_weights[4] = 0.020633
final_layer_weights[5] = 0.247465
final_layer_weights[6] = 0.803289
final_layer_weights[7] = 0.220000
final_layer_weights[8] = 1.052005
final_layer_weights[9] = 1.546957
.
.
.
final_layer_weights[1022] = -1.000000
final_layer_weights[1023] = -1.000000
Updated weights for semi-final layer:
semi_final_layer_weights[0] = 0.598264
semi_final_layer_weights[1] = 0.592694
semi_final_layer_weights[2] = 0.575112
semi_final_layer_weights[3] = -0.583332
semi_final_layer_weights[4] = -0.587700
semi_final_layer_weights[5] = -0.570339
semi_final_layer_weights[6] = 0.578928
semi_final_layer_weights[7] = -0.596531
semi_final_layer_weights[8] = 0.569185
semi_final_layer_weights[9] = 0.578838
.
.
.
semi_final_layer_weights[510] = -0.577891
semi_final_layer_weights[511] = -0.572770
Updating K Matrix:
k_matrix[0][0] = 0.566871
k_matrix[0][1] = -0.600898
k_matrix[1][0] = 0.596019
k_matrix[1][1] = -0.583697

Updating Q Matrix:
q_matrix[0][0] = -0.577566
q_matrix[0][1] = 0.589947
q_matrix[1][0] = -0.566672
q_matrix[1][1] = 0.592707

Updating V Matrix:
v_matrix[0][0] = 0.584034
v_matrix[0][1] = -0.568359
v_matrix[1][0] = 0.579002
v_matrix[1][1] = -0.579531

Updated weights for final layer:
final_layer_weights[0] = -0.199944
final_layer_weights[1] = 0.097870
final_layer_weights[2] = -0.365370
final_layer_weights[3] = 0.141846
final_layer_weights[4] = 1.020633
final_layer_weights[5] = 1.247465
final_layer_weights[6] = -0.196711
final_layer_weights[7] = 1.220000
final_layer_weights[8] = 0.052005
final_layer_weights[9] = 0.546957
.
.
.
final_layer_weights[1022] = 1.000000
final_layer_weights[1023] = 1.000000
Updated weights for semi-final layer:
semi_final_layer_weights[0] = -0.401736
semi_final_layer_weights[1] = -0.407306
semi_final_layer_weights[2] = -0.424888
semi_final_layer_weights[3] = 0.416668
semi_final_layer_weights[4] = 0.412300
semi_final_layer_weights[5] = 0.429661
semi_final_layer_weights[6] = -0.421072
semi_final_layer_weights[7] = 0.403469
semi_final_layer_weights[8] = -0.430815
semi_final_layer_weights[9] = -0.421162
.
.
.
semi_final_layer_weights[510] = 0.422109
semi_final_layer_weights[511] = 0.427230
Updating K Matrix:
k_matrix[0][0] = -0.433129
k_matrix[0][1] = 0.399102
k_matrix[1][0] = -0.403981
k_matrix[1][1] = 0.416303

Updating Q Matrix:
q_matrix[0][0] = 0.422434
q_matrix[0][1] = -0.410053
q_matrix[1][0] = 0.433328
q_matrix[1][1] = -0.407293

Updating V Matrix:
v_matrix[0][0] = -0.415966
v_matrix[0][1] = 0.431641
v_matrix[1][0] = -0.420998
v_matrix[1][1] = 0.420469

Updated weights for final layer:
final_layer_weights[0] = 0.800056
final_layer_weights[1] = 1.097870
final_layer_weights[2] = 0.634630
final_layer_weights[3] = -0.858154
final_layer_weights[4] = 0.020633
final_layer_weights[5] = 0.247465
final_layer_weights[6] = 0.803289
final_layer_weights[7] = 0.220000
final_layer_weights[8] = 1.052005
final_layer_weights[9] = 1.546957
.
.
.
final_layer_weights[1022] = -1.000000
final_layer_weights[1023] = -1.000000
Updated weights for semi-final layer:
semi_final_layer_weights[0] = 0.598264
semi_final_layer_weights[1] = 0.592694
semi_final_layer_weights[2] = 0.575112
semi_final_layer_weights[3] = -0.583332
semi_final_layer_weights[4] = -0.587700
semi_final_layer_weights[5] = -0.570339
semi_final_layer_weights[6] = 0.578928
semi_final_layer_weights[7] = -0.596531
semi_final_layer_weights[8] = 0.569185
semi_final_layer_weights[9] = 0.578838
.
.
.
semi_final_layer_weights[510] = -0.577891
semi_final_layer_weights[511] = -0.572770
Updating K Matrix:
k_matrix[0][0] = 0.566871
k_matrix[0][1] = -0.600898
k_matrix[1][0] = 0.596019
k_matrix[1][1] = -0.583697

Updating Q Matrix:
q_matrix[0][0] = -0.577566
q_matrix[0][1] = 0.589947
q_matrix[1][0] = -0.566672
q_matrix[1][1] = 0.592707

Updating V Matrix:
v_matrix[0][0] = 0.584034
v_matrix[0][1] = -0.568359
v_matrix[1][0] = 0.579002
v_matrix[1][1] = -0.579531

Updated weights for final layer:
final_layer_weights[0] = -0.199944
final_layer_weights[1] = 0.097870
final_layer_weights[2] = -0.365370
final_layer_weights[3] = 0.141846
final_layer_weights[4] = 1.020633
final_layer_weights[5] = 1.247465
final_layer_weights[6] = -0.196711
final_layer_weights[7] = 1.220000
final_layer_weights[8] = 0.052005
final_layer_weights[9] = 0.546957
.
.
.
final_layer_weights[1022] = 1.000000
final_layer_weights[1023] = 1.000000
Updated weights for semi-final layer:
semi_final_layer_weights[0] = -0.401736
semi_final_layer_weights[1] = -0.407306
semi_final_layer_weights[2] = -0.424888
semi_final_layer_weights[3] = 0.416668
semi_final_layer_weights[4] = 0.412300
semi_final_layer_weights[5] = 0.429661
semi_final_layer_weights[6] = -0.421072
semi_final_layer_weights[7] = 0.403469
semi_final_layer_weights[8] = -0.430815
semi_final_layer_weights[9] = -0.421162
.
.
.
semi_final_layer_weights[510] = 0.422109
semi_final_layer_weights[511] = 0.427230
Updating K Matrix:
k_matrix[0][0] = -0.433129
k_matrix[0][1] = 0.399102
k_matrix[1][0] = -0.403981
k_matrix[1][1] = 0.416303

Updating Q Matrix:
q_matrix[0][0] = 0.422434
q_matrix[0][1] = -0.410053
q_matrix[1][0] = 0.433328
q_matrix[1][1] = -0.407293

Updating V Matrix:
v_matrix[0][0] = -0.415966
v_matrix[0][1] = 0.431641
v_matrix[1][0] = -0.420998
v_matrix[1][1] = 0.420469

Updated weights for final layer:
final_layer_weights[0] = 0.800056
final_layer_weights[1] = 1.097870
final_layer_weights[2] = 0.634630
final_layer_weights[3] = -0.858154
final_layer_weights[4] = 0.020633
final_layer_weights[5] = 0.247465
final_layer_weights[6] = 0.803289
final_layer_weights[7] = 0.220000
final_layer_weights[8] = 1.052005
final_layer_weights[9] = 1.546957
.
.
.
final_layer_weights[1022] = -1.000000
final_layer_weights[1023] = -1.000000
Updated weights for semi-final layer:
semi_final_layer_weights[0] = 0.598264
semi_final_layer_weights[1] = 0.592694
semi_final_layer_weights[2] = 0.575112
semi_final_layer_weights[3] = -0.583332
semi_final_layer_weights[4] = -0.587700
semi_final_layer_weights[5] = -0.570339
semi_final_layer_weights[6] = 0.578928
semi_final_layer_weights[7] = -0.596531
semi_final_layer_weights[8] = 0.569185
semi_final_layer_weights[9] = 0.578838
.
.
.
semi_final_layer_weights[510] = -0.577891
semi_final_layer_weights[511] = -0.572770
Updating K Matrix:
k_matrix[0][0] = 0.566871
k_matrix[0][1] = -0.600898
k_matrix[1][0] = 0.596019
k_matrix[1][1] = -0.583697

Updating Q Matrix:
q_matrix[0][0] = -0.577566
q_matrix[0][1] = 0.589947
q_matrix[1][0] = -0.566672
q_matrix[1][1] = 0.592707

Updating V Matrix:
v_matrix[0][0] = 0.584034
v_matrix[0][1] = -0.568359
v_matrix[1][0] = 0.579002
v_matrix[1][1] = -0.579531

Updated weights for final layer:
final_layer_weights[0] = -0.199944
final_layer_weights[1] = 0.097870
final_layer_weights[2] = -0.365370
final_layer_weights[3] = 0.141846
final_layer_weights[4] = 1.020633
final_layer_weights[5] = 1.247465
final_layer_weights[6] = -0.196711
final_layer_weights[7] = 1.220000
final_layer_weights[8] = 0.052005
final_layer_weights[9] = 0.546957
.
.
.
final_layer_weights[1022] = 1.000000
final_layer_weights[1023] = 1.000000
Updated weights for semi-final layer:
semi_final_layer_weights[0] = -0.401736
semi_final_layer_weights[1] = -0.407306
semi_final_layer_weights[2] = -0.424888
semi_final_layer_weights[3] = 0.416668
semi_final_layer_weights[4] = 0.412300
semi_final_layer_weights[5] = 0.429661
semi_final_layer_weights[6] = -0.421072
semi_final_layer_weights[7] = 0.403469
semi_final_layer_weights[8] = -0.430815
semi_final_layer_weights[9] = -0.421162
.
.
.
semi_final_layer_weights[510] = 0.422109
semi_final_layer_weights[511] = 0.427230
Updating K Matrix:
k_matrix[0][0] = -0.433129
k_matrix[0][1] = 0.399102
k_matrix[1][0] = -0.403981
k_matrix[1][1] = 0.416303

Updating Q Matrix:
q_matrix[0][0] = 0.422434
q_matrix[0][1] = -0.410053
q_matrix[1][0] = 0.433328
q_matrix[1][1] = -0.407293

Updating V Matrix:
v_matrix[0][0] = -0.415966
v_matrix[0][1] = 0.431641
v_matrix[1][0] = -0.420998
v_matrix[1][1] = 0.420469

Updated weights for final layer:
final_layer_weights[0] = 0.800056
final_layer_weights[1] = 1.097870
final_layer_weights[2] = 0.634630
final_layer_weights[3] = -0.858154
final_layer_weights[4] = 0.020633
final_layer_weights[5] = 0.247465
final_layer_weights[6] = 0.803289
final_layer_weights[7] = 0.220000
final_layer_weights[8] = 1.052005
final_layer_weights[9] = 1.546957
.
.
.
final_layer_weights[1022] = -1.000000
final_layer_weights[1023] = -1.000000
Updated weights for semi-final layer:
semi_final_layer_weights[0] = 0.598264
semi_final_layer_weights[1] = 0.592694
semi_final_layer_weights[2] = 0.575112
semi_final_layer_weights[3] = -0.583332
semi_final_layer_weights[4] = -0.587700
semi_final_layer_weights[5] = -0.570339
semi_final_layer_weights[6] = 0.578928
semi_final_layer_weights[7] = -0.596531
semi_final_layer_weights[8] = 0.569185
semi_final_layer_weights[9] = 0.578838
.
.
.
semi_final_layer_weights[510] = -0.577891
semi_final_layer_weights[511] = -0.572770
Updating K Matrix:
k_matrix[0][0] = 0.566871
k_matrix[0][1] = -0.600898
k_matrix[1][0] = 0.596019
k_matrix[1][1] = -0.583697

Updating Q Matrix:
q_matrix[0][0] = -0.577566
q_matrix[0][1] = 0.589947
q_matrix[1][0] = -0.566672
q_matrix[1][1] = 0.592707

Updating V Matrix:
v_matrix[0][0] = 0.584034
v_matrix[0][1] = -0.568359
v_matrix[1][0] = 0.579002
v_matrix[1][1] = -0.579531

Updated weights for final layer:
final_layer_weights[0] = -0.199944
final_layer_weights[1] = 0.097870
final_layer_weights[2] = -0.365370
final_layer_weights[3] = 0.141846
final_layer_weights[4] = 1.020633
final_layer_weights[5] = 1.247465
final_layer_weights[6] = -0.196711
final_layer_weights[7] = 1.220000
final_layer_weights[8] = 0.052005
final_layer_weights[9] = 0.546957
.
.
.
final_layer_weights[1022] = 1.000000
final_layer_weights[1023] = 1.000000
Updated weights for semi-final layer:
semi_final_layer_weights[0] = -0.401736
semi_final_layer_weights[1] = -0.407306
semi_final_layer_weights[2] = -0.424888
semi_final_layer_weights[3] = 0.416668
semi_final_layer_weights[4] = 0.412300
semi_final_layer_weights[5] = 0.429661
semi_final_layer_weights[6] = -0.421072
semi_final_layer_weights[7] = 0.403469
semi_final_layer_weights[8] = -0.430815
semi_final_layer_weights[9] = -0.421162
.
.
.
semi_final_layer_weights[510] = 0.422109
semi_final_layer_weights[511] = 0.427230
Updating K Matrix:
k_matrix[0][0] = -0.433129
k_matrix[0][1] = 0.399102
k_matrix[1][0] = -0.403981
k_matrix[1][1] = 0.416303

Updating Q Matrix:
q_matrix[0][0] = 0.422434
q_matrix[0][1] = -0.410053
q_matrix[1][0] = 0.433328
q_matrix[1][1] = -0.407293

Updating V Matrix:
v_matrix[0][0] = -0.415966
v_matrix[0][1] = 0.431641
v_matrix[1][0] = -0.420998
v_matrix[1][1] = 0.420469

Updated weights for final layer:
final_layer_weights[0] = 0.800056
final_layer_weights[1] = 1.097870
final_layer_weights[2] = 0.634630
final_layer_weights[3] = -0.858154
final_layer_weights[4] = 0.020633
final_layer_weights[5] = 0.247465
final_layer_weights[6] = 0.803289
final_layer_weights[7] = 0.220000
final_layer_weights[8] = 1.052005
final_layer_weights[9] = 1.546957
.
.
.
final_layer_weights[1022] = -1.000000
final_layer_weights[1023] = -1.000000
Updated weights for semi-final layer:
semi_final_layer_weights[0] = 0.598264
semi_final_layer_weights[1] = 0.592694
semi_final_layer_weights[2] = 0.575112
semi_final_layer_weights[3] = -0.583332
semi_final_layer_weights[4] = -0.587700
semi_final_layer_weights[5] = -0.570339
semi_final_layer_weights[6] = 0.578928
semi_final_layer_weights[7] = -0.596531
semi_final_layer_weights[8] = 0.569185
semi_final_layer_weights[9] = 0.578838
.
.
.
semi_final_layer_weights[510] = -0.577891
semi_final_layer_weights[511] = -0.572770
Updating K Matrix:
k_matrix[0][0] = 0.566871
k_matrix[0][1] = -0.600898
k_matrix[1][0] = 0.596019
k_matrix[1][1] = -0.583697

Updating Q Matrix:
q_matrix[0][0] = -0.577566
q_matrix[0][1] = 0.589947
q_matrix[1][0] = -0.566672
q_matrix[1][1] = 0.592707

Updating V Matrix:
v_matrix[0][0] = 0.584034
v_matrix[0][1] = -0.568359
v_matrix[1][0] = 0.579002
v_matrix[1][1] = -0.579531

All values in the matrix are the same. Scaling is not possible.
Updated weights for final layer:
final_layer_weights[0] = 0.620224
final_layer_weights[1] = 0.919712
final_layer_weights[2] = 0.461757
final_layer_weights[3] = -0.682811
final_layer_weights[4] = 0.197290
final_layer_weights[5] = 0.418904
final_layer_weights[6] = 0.629269
final_layer_weights[7] = 0.399312
final_layer_weights[8] = 0.880914
final_layer_weights[9] = 1.372964
.
.
.
final_layer_weights[1022] = 0.173708
final_layer_weights[1023] = 0.172169
Updated weights for semi-final layer:
semi_final_layer_weights[0] = 0.418432
semi_final_layer_weights[1] = 0.414536
semi_final_layer_weights[2] = 0.402239
semi_final_layer_weights[3] = -0.407989
semi_final_layer_weights[4] = -0.411043
semi_final_layer_weights[5] = -0.398900
semi_final_layer_weights[6] = 0.404908
semi_final_layer_weights[7] = -0.417219
semi_final_layer_weights[8] = 0.398094
semi_final_layer_weights[9] = 0.404845
.
.
.
semi_final_layer_weights[510] = -0.404183
semi_final_layer_weights[511] = -0.400601
Updating K Matrix:
k_matrix[0][0] = 0.396476
k_matrix[0][1] = -0.420274
k_matrix[1][0] = 0.416862
k_matrix[1][1] = -0.408243

Updating Q Matrix:
q_matrix[0][0] = -0.403956
q_matrix[0][1] = 0.412615
q_matrix[1][0] = -0.396336
q_matrix[1][1] = 0.414545

Updating V Matrix:
v_matrix[0][0] = 0.408479
v_matrix[0][1] = -0.397516
v_matrix[1][0] = 0.404960
v_matrix[1][1] = -0.405329

   Loss: 567.996427 Γöé
  ΓööΓöÇΓöÇΓöÇΓöÇΓöÇΓöÇΓöÇΓöÇΓöÇΓöÇΓöÇΓöÇΓöÇΓöÇΓöÇΓöÇΓöÇΓöÇΓöÇΓöÇΓöÇΓöÇΓöÇΓöÇΓöÇΓöÇΓöÇΓöÇΓöÇΓöÇΓöÇΓöÇΓöÇΓöÇΓöÇΓöÇΓöÇΓöÇΓöÇΓöÇΓöÇΓöÇΓöÇΓöÇΓöÇΓöÇΓöÇΓöÇΓöÇΓöÇΓöÇΓöÇΓöÇΓöÇΓöÇΓöÇΓöÇΓöÇΓöÇΓöÇΓöÇΓöÇΓöÇΓöÇΓöÇΓöÇΓöÿ
  Γ£à Training complete! Best loss: 496.857189

ΓöîΓöÇΓöÇΓöÇΓöÇΓöÇΓöÇΓöÇΓöÇΓöÇΓöÇΓöÇΓöÇΓöÇΓöÇΓöÇΓöÇΓöÇΓöÇΓöÇΓöÇΓöÇΓöÇΓöÇΓöÇΓöÇΓöÇΓöÇΓöÇΓöÇΓöÇΓöÇΓöÇΓöÇΓöÇΓöÇΓöÇΓöÇΓöÇΓöÇΓöÇΓöÇΓöÇΓöÇΓöÇΓöÇΓöÇΓöÇΓöÇΓöÇΓöÇΓöÇΓöÇΓöÇΓöÇΓöÇΓöÇΓöÇΓöÇΓöÇΓöÇΓöÇΓöÇΓöÇΓöÇΓöÇΓöÇΓöÉ
Γöé CLEANUP                                                      Γöé
ΓööΓöÇΓöÇΓöÇΓöÇΓöÇΓöÇΓöÇΓöÇΓöÇΓöÇΓöÇΓöÇΓöÇΓöÇΓöÇΓöÇΓöÇΓöÇΓöÇΓöÇΓöÇΓöÇΓöÇΓöÇΓöÇΓöÇΓöÇΓöÇΓöÇΓöÇΓöÇΓöÇΓöÇΓöÇΓöÇΓöÇΓöÇΓöÇΓöÇΓöÇΓöÇΓöÇΓöÇΓöÇΓöÇΓöÇΓöÇΓöÇΓöÇΓöÇΓöÇΓöÇΓöÇΓöÇΓöÇΓöÇΓöÇΓöÇΓöÇΓöÇΓöÇΓöÇΓöÇΓöÇΓöÇΓöÇΓöÿ
  Γä╣∩╕Å  Freeing memory...
  Γ£à Memory freed

ΓòöΓòÉΓòÉΓòÉΓòÉΓòÉΓòÉΓòÉΓòÉΓòÉΓòÉΓòÉΓòÉΓòÉΓòÉΓòÉΓòÉΓòÉΓòÉΓòÉΓòÉΓòÉΓòÉΓòÉΓòÉΓòÉΓòÉΓòÉΓòÉΓòÉΓòÉΓòÉΓòÉΓòÉΓòÉΓòÉΓòÉΓòÉΓòÉΓòÉΓòÉΓòÉΓòÉΓòÉΓòÉΓòÉΓòÉΓòÉΓòÉΓòÉΓòÉΓòÉΓòÉΓòÉΓòÉΓòÉΓòÉΓòÉΓòÉΓòÉΓòÉΓòÉΓòÉΓòÉΓòÉΓòÉΓòÉΓòù
Γòæ TRANSFORMER-C TRAINING COMPLETE                              Γòæ
ΓòÜΓòÉΓòÉΓòÉΓòÉΓòÉΓòÉΓòÉΓòÉΓòÉΓòÉΓòÉΓòÉΓòÉΓòÉΓòÉΓòÉΓòÉΓòÉΓòÉΓòÉΓòÉΓòÉΓòÉΓòÉΓòÉΓòÉΓòÉΓòÉΓòÉΓòÉΓòÉΓòÉΓòÉΓòÉΓòÉΓòÉΓòÉΓòÉΓòÉΓòÉΓòÉΓòÉΓòÉΓòÉΓòÉΓòÉΓòÉΓòÉΓòÉΓòÉΓòÉΓòÉΓòÉΓòÉΓòÉΓòÉΓòÉΓòÉΓòÉΓòÉΓòÉΓòÉΓòÉΓòÉΓòÉΓòÉΓò¥